Component: ARM Compiler 5.05 update 1 (build 106) Tool: armlink [4d0efa]

==============================================================================

Section Cross References

    main.o(i.System_Device_Init) refers to system_stm32f10x.o(i.SystemInit) for SystemInit
    main.o(i.System_Device_Init) refers to delay.o(i.delay_init) for delay_init
    main.o(i.System_Device_Init) refers to misc.o(i.NVIC_PriorityGroupConfig) for NVIC_PriorityGroupConfig
    main.o(i.System_Device_Init) refers to motor.o(i.Motor_PWM_Init) for Motor_PWM_Init
    main.o(i.System_Device_Init) refers to pstwo.o(i.PS2_SetInit) for PS2_SetInit
    main.o(i.System_Device_Init) refers to usart3.o(i.usart3_init) for usart3_init
    main.o(i.System_Device_Init) refers to usart3.o(i.laster_forward_control_set) for laster_forward_control_set
    main.o(i.System_Device_Init) refers to usart1.o(i.usart1_init) for usart1_init
    main.o(i.System_Device_Init) refers to usart1.o(i.laster_backward_control_set) for laster_backward_control_set
    main.o(i.System_Device_Init) refers to smartcar_control.o(i.Set_Pwm) for Set_Pwm
    main.o(i.main) refers to main.o(i.System_Device_Init) for System_Device_Init
    main.o(i.main) refers to os_core.o(i.OSInit) for OSInit
    main.o(i.main) refers to os_task.o(i.OSTaskCreate) for OSTaskCreate
    main.o(i.main) refers to os_core.o(i.OSStart) for OSStart
    main.o(i.main) refers to main.o(.bss) for START_TASK_STK
    main.o(i.main) refers to main.o(i.start_task) for start_task
    main.o(i.main_task) refers to smartcar_control.o(i.SmartCar_control_init) for SmartCar_control_init
    main.o(i.main_task) refers to smar_time_task.o(i.smar_time_init) for smar_time_init
    main.o(i.main_task) refers to os_time.o(i.OSTimeGet) for OSTimeGet
    main.o(i.main_task) refers to pstwo.o(i.Joystick) for Joystick
    main.o(i.main_task) refers to os_time.o(i.OSTimeDlyHMSM) for OSTimeDlyHMSM
    main.o(i.start_task) refers to os_cpu_a.o(.text) for OS_CPU_SR_Save
    main.o(i.start_task) refers to os_task.o(i.OSTaskCreate) for OSTaskCreate
    main.o(i.start_task) refers to os_task.o(i.OSTaskSuspend) for OSTaskSuspend
    main.o(i.start_task) refers to main.o(.bss) for MAIN_TASK_STK
    main.o(i.start_task) refers to main.o(i.main_task) for main_task
    system_stm32f10x.o(i.SetSysClock) refers to system_stm32f10x.o(i.SetSysClockTo72) for SetSysClockTo72
    system_stm32f10x.o(i.SystemCoreClockUpdate) refers to system_stm32f10x.o(.data) for SystemCoreClock
    system_stm32f10x.o(i.SystemInit) refers to system_stm32f10x.o(i.SetSysClock) for SetSysClock
    usart3.o(i.UASRT3_Send_Buf) refers to stm32f10x_usart.o(i.USART_GetFlagStatus) for USART_GetFlagStatus
    usart3.o(i.UASRT3_Send_Buf) refers to stm32f10x_usart.o(i.USART_SendData) for USART_SendData
    usart3.o(i.USART3_End) refers to usart3.o(i.clean_rebuff_usart3) for clean_rebuff_usart3
    usart3.o(i.USART3_End) refers to usart3.o(.bss) for USART3_RX_BUF
    usart3.o(i.USART3_End) refers to usart3.o(.data) for laster_forword
    usart3.o(i.USART3_Free) refers to usart3.o(.data) for USART3_RX_STA
    usart3.o(i.USART3_Free) refers to usart3.o(.bss) for USART3_RX_BUF
    usart3.o(i.USART3_IRQHandler) refers to os_core.o(i.OSIntEnter) for OSIntEnter
    usart3.o(i.USART3_IRQHandler) refers to stm32f10x_usart.o(i.USART_GetITStatus) for USART_GetITStatus
    usart3.o(i.USART3_IRQHandler) refers to stm32f10x_usart.o(i.USART_ReceiveData) for USART_ReceiveData
    usart3.o(i.USART3_IRQHandler) refers to usart3.o(i.USART3_Free) for USART3_Free
    usart3.o(i.USART3_IRQHandler) refers to usart3.o(i.USART3_Start) for USART3_Start
    usart3.o(i.USART3_IRQHandler) refers to usart3.o(i.USART3_Res_data) for USART3_Res_data
    usart3.o(i.USART3_IRQHandler) refers to usart3.o(i.USART3_End) for USART3_End
    usart3.o(i.USART3_IRQHandler) refers to os_core.o(i.OSIntExit) for OSIntExit
    usart3.o(i.USART3_IRQHandler) refers to usart3.o(.data) for USART3_RX_STA
    usart3.o(i.USART3_Res_data) refers to usart3.o(.data) for USART3_RX_STA
    usart3.o(i.USART3_Res_data) refers to usart3.o(.bss) for USART3_RX_BUF
    usart3.o(i.USART3_Start) refers to usart3.o(.data) for USART3_RX_STA
    usart3.o(i.USART3_Start) refers to usart3.o(.bss) for USART3_RX_BUF
    usart3.o(i.clean_rebuff_usart3) refers to usart3.o(.bss) for USART3_RX_BUF
    usart3.o(i.clean_rebuff_usart3) refers to usart3.o(.data) for USART3_RX_STA
    usart3.o(i.laster_forward_control_set) refers to usart3.o(i.UASRT3_Send_Buf) for UASRT3_Send_Buf
    usart3.o(i.laster_forward_control_set) refers to delay.o(i.delay_ms) for delay_ms
    usart3.o(i.laster_forward_control_set) refers to usart3.o(.data) for continuous_tmp_buff
    usart3.o(i.u3_printf) refers to printfa.o(i.__0vsprintf) for vsprintf
    usart3.o(i.u3_printf) refers to strlen.o(.text) for strlen
    usart3.o(i.u3_printf) refers to stm32f10x_usart.o(i.USART_GetFlagStatus) for USART_GetFlagStatus
[...]
    Removing filter.o(.bss), (124 bytes).
    Removing filter.o(.data), (84 bytes).
    Removing inv_mpu.o(i.accel_self_test), (168 bytes).
    Removing inv_mpu.o(i.get_accel_prod_shift), (180 bytes).
    Removing inv_mpu.o(i.get_st_biases), (1136 bytes).
    Removing inv_mpu.o(i.gyro_self_test), (272 bytes).
    Removing inv_mpu.o(i.mpu_configure_fifo), (112 bytes).
    Removing inv_mpu.o(i.mpu_get_accel_fsr), (76 bytes).
    Removing inv_mpu.o(i.mpu_get_accel_reg), (116 bytes).
    Removing inv_mpu.o(i.mpu_get_accel_sens), (84 bytes).
    Removing inv_mpu.o(i.mpu_get_compass_fsr), (8 bytes).
    Removing inv_mpu.o(i.mpu_get_compass_reg), (8 bytes).
    Removing inv_mpu.o(i.mpu_get_compass_sample_rate), (10 bytes).
    Removing inv_mpu.o(i.mpu_get_dmp_state), (20 bytes).
    Removing inv_mpu.o(i.mpu_get_fifo_config), (16 bytes).
    Removing inv_mpu.o(i.mpu_get_gyro_fsr), (68 bytes).
    Removing inv_mpu.o(i.mpu_get_gyro_reg), (116 bytes).
    Removing inv_mpu.o(i.mpu_get_gyro_sens), (80 bytes).
    Removing inv_mpu.o(i.mpu_get_int_status), (68 bytes).
    Removing inv_mpu.o(i.mpu_get_lpf), (80 bytes).
    Removing inv_mpu.o(i.mpu_get_power_state), (28 bytes).
    Removing inv_mpu.o(i.mpu_get_sample_rate), (32 bytes).
    Removing inv_mpu.o(i.mpu_get_temperature), (160 bytes).
    Removing inv_mpu.o(i.mpu_init), (400 bytes).
    Removing inv_mpu.o(i.mpu_load_firmware), (184 bytes).
    Removing inv_mpu.o(i.mpu_lp_accel_mode), (224 bytes).
    Removing inv_mpu.o(i.mpu_lp_motion_interrupt), (516 bytes).
    Removing inv_mpu.o(i.mpu_read_fifo), (504 bytes).
    Removing inv_mpu.o(i.mpu_read_fifo_stream), (192 bytes).
    Removing inv_mpu.o(i.mpu_read_mem), (128 bytes).
    Removing inv_mpu.o(i.mpu_read_reg), (72 bytes).
    Removing inv_mpu.o(i.mpu_reg_dump), (76 bytes).
    Removing inv_mpu.o(i.mpu_reset_fifo), (444 bytes).
    Removing inv_mpu.o(i.mpu_run_self_test), (284 bytes).
    Removing inv_mpu.o(i.mpu_set_accel_bias), (384 bytes).
    Removing inv_mpu.o(i.mpu_set_accel_fsr), (132 bytes).
    Removing inv_mpu.o(i.mpu_set_bypass), (332 bytes).
    Removing inv_mpu.o(i.mpu_set_compass_sample_rate), (8 bytes).
    Removing inv_mpu.o(i.mpu_set_dmp_state), (144 bytes).
    Removing inv_mpu.o(i.mpu_set_gyro_fsr), (136 bytes).
    Removing inv_mpu.o(i.mpu_set_int_latched), (108 bytes).
    Removing inv_mpu.o(i.mpu_set_int_level), (16 bytes).
    Removing inv_mpu.o(i.mpu_set_lpf), (132 bytes).
    Removing inv_mpu.o(i.mpu_set_sample_rate), (168 bytes).
    Removing inv_mpu.o(i.mpu_set_sensors), (208 bytes).
    Removing inv_mpu.o(i.mpu_write_mem), (128 bytes).
    Removing inv_mpu.o(i.myget_ms), (2 bytes).
    Removing inv_mpu.o(i.set_int_enable), (144 bytes).
    Removing inv_mpu.o(.constdata), (80 bytes).
    Removing inv_mpu.o(.data), (46 bytes).
    Removing inv_mpu_dmp_motion_driver.o(i.decode_gesture), (100 bytes).
    Removing inv_mpu_dmp_motion_driver.o(i.dmp_enable_6x_lp_quat), (60 bytes).
    Removing inv_mpu_dmp_motion_driver.o(i.dmp_enable_feature), (540 bytes).
    Removing inv_mpu_dmp_motion_driver.o(i.dmp_enable_gyro_cal), (88 bytes).
    Removing inv_mpu_dmp_motion_driver.o(i.dmp_enable_lp_quat), (60 bytes).
    Removing inv_mpu_dmp_motion_driver.o(i.dmp_get_enabled_features), (16 bytes).
    Removing inv_mpu_dmp_motion_driver.o(i.dmp_get_fifo_rate), (16 bytes).
    Removing inv_mpu_dmp_motion_driver.o(i.dmp_get_pedometer_step_count), (66 bytes).
    Removing inv_mpu_dmp_motion_driver.o(i.dmp_get_pedometer_walk_time), (72 bytes).
    Removing inv_mpu_dmp_motion_driver.o(i.dmp_load_motion_driver_firmware), (24 bytes).
    Removing inv_mpu_dmp_motion_driver.o(i.dmp_read_fifo), (460 bytes).
    Removing inv_mpu_dmp_motion_driver.o(i.dmp_register_android_orient_cb), (16 bytes).
    Removing inv_mpu_dmp_motion_driver.o(i.dmp_register_tap_cb), (16 bytes).
    Removing inv_mpu_dmp_motion_driver.o(i.dmp_set_accel_bias), (304 bytes).
    Removing inv_mpu_dmp_motion_driver.o(i.dmp_set_fifo_rate), (112 bytes).
    Removing inv_mpu_dmp_motion_driver.o(i.dmp_set_gyro_bias), (304 bytes).
    Removing inv_mpu_dmp_motion_driver.o(i.dmp_set_interrupt_mode), (92 bytes).
    Removing inv_mpu_dmp_motion_driver.o(i.dmp_set_orientation), (312 bytes).
    Removing inv_mpu_dmp_motion_driver.o(i.dmp_set_pedometer_step_count), (42 bytes).
    Removing inv_mpu_dmp_motion_driver.o(i.dmp_set_pedometer_walk_time), (48 bytes).
    Removing inv_mpu_dmp_motion_driver.o(i.dmp_set_shake_reject_thresh), (56 bytes).
    Removing inv_mpu_dmp_motion_driver.o(i.dmp_set_shake_reject_time), (38 bytes).
    Removing inv_mpu_dmp_motion_driver.o(i.dmp_set_shake_reject_timeout), (38 bytes).
    Removing inv_mpu_dmp_motion_driver.o(i.dmp_set_tap_axes), (70 bytes).
    Removing inv_mpu_dmp_motion_driver.o(i.dmp_set_tap_count), (38 bytes).
    Removing inv_mpu_dmp_motion_driver.o(i.dmp_set_tap_thresh), (416 bytes).
    Removing inv_mpu_dmp_motion_driver.o(i.dmp_set_tap_time), (38 bytes).
    Removing inv_mpu_dmp_motion_driver.o(i.dmp_set_tap_time_multi), (38 bytes).
    Removing inv_mpu_dmp_motion_driver.o(.bss), (16 bytes).
    Removing inv_mpu_dmp_motion_driver.o(.constdata), (3062 bytes).
    Removing mpu6050.o(i.DMP_Init), (148 bytes).
    Removing mpu6050.o(i.MPU6050_getDeviceID), (24 bytes).
    Removing mpu6050.o(i.MPU6050_initialize), (40 bytes).
    Removing mpu6050.o(i.MPU6050_newValues), (500 bytes).
    Removing mpu6050.o(i.MPU6050_setClockSource), (20 bytes).
    Removing mpu6050.o(i.MPU6050_setFullScaleAccelRange), (20 bytes).
    Removing mpu6050.o(i.MPU6050_setFullScaleGyroRange), (20 bytes).
    Removing mpu6050.o(i.MPU6050_setI2CBypassEnabled), (18 bytes).
    Removing mpu6050.o(i.MPU6050_setI2CMasterModeEnabled), (18 bytes).
    Removing mpu6050.o(i.MPU6050_setSleepEnabled), (18 bytes).
    Removing mpu6050.o(i.MPU6050_testConnection), (18 bytes).
    Removing mpu6050.o(i.Read_DMP), (604 bytes).
    Removing mpu6050.o(i.Read_Temperature), (104 bytes).
    Removing mpu6050.o(i.inv_orientation_matrix_to_scalar), (40 bytes).
    Removing mpu6050.o(i.inv_row_2_scale), (78 bytes).
    Removing mpu6050.o(i.run_self_test), (188 bytes).
    Removing mpu6050.o(.bss), (146 bytes).
    Removing mpu6050.o(.data), (61 bytes).
    Removing mpu6050_iic.o(i.Delay_us), (10 bytes).
    Removing mpu6050_iic.o(i.Delayms), (24 bytes).
    Removing mpu6050_iic.o(i.MPU6050_I2C_ReadOneByte), (70 bytes).
    Removing mpu6050_iic.o(i.MPU6050_IIC_Ack), (76 bytes).
    Removing mpu6050_iic.o(i.MPU6050_IIC_Init), (44 bytes).
    Removing mpu6050_iic.o(i.MPU6050_IIC_NAck), (76 bytes).
    Removing mpu6050_iic.o(i.MPU6050_IIC_Read_Byte), (112 bytes).
    Removing mpu6050_iic.o(i.MPU6050_IIC_Send_Byte), (100 bytes).
    Removing mpu6050_iic.o(i.MPU6050_IIC_Start), (104 bytes).
    Removing mpu6050_iic.o(i.MPU6050_IIC_Stop), (72 bytes).
    Removing mpu6050_iic.o(i.MPU6050_IIC_Wait_Ack), (104 bytes).
    Removing mpu6050_iic.o(i.MPU6050_IICreadByte), (22 bytes).
    Removing mpu6050_iic.o(i.MPU6050_IICreadBytes), (100 bytes).
    Removing mpu6050_iic.o(i.MPU6050_IICwriteBit), (64 bytes).
    Removing mpu6050_iic.o(i.MPU6050_IICwriteBits), (106 bytes).
    Removing mpu6050_iic.o(i.MPU6050_IICwriteByte), (20 bytes).
    Removing mpu6050_iic.o(i.MPU6050_IICwriteBytes), (70 bytes).
    Removing mpu6050_iic.o(i.MPU6050_i2cRead), (114 bytes).
    Removing mpu6050_iic.o(i.MPU6050_i2cWrite), (96 bytes).
    Removing pstwo.o(i.PS2_RedLight), (64 bytes).
    Removing pstwo.o(i.PS2_Vibration), (96 bytes).
    Removing fdiv.o(.text), (124 bytes).
    Removing dmul.o(.text), (228 bytes).
    Removing ddiv.o(.text), (222 bytes).
    Removing ffltui.o(.text), (10 bytes).
    Removing ffixui.o(.text), (40 bytes).
    Removing f2d.o(.text), (38 bytes).
    Removing d2f.o(.text), (56 bytes).
    Removing cfcmple.o(.text), (20 bytes).
    Removing cfrcmple.o(.text), (20 bytes).
    Removing depilogue.o(.text), (186 bytes).
    Removing dadd.o(.text), (334 bytes).
    Removing dscalb.o(.text), (46 bytes).
    Removing dfixul.o(.text), (48 bytes).
    Removing cdrcmple.o(.text), (48 bytes).
    Removing dsqrt.o(.text), (162 bytes).
    Removing cdcmple.o(.text), (48 bytes).

676 unused section(s) (total 50499 bytes) removed from the image.

==============================================================================

Image Symbol Table

    Local Symbols

    Symbol Name                              Value     Ov Type        Size  Object(Section)

    ../clib/microlib/division.c              0x00000000   Number         0  ldiv.o ABSOLUTE
    ../clib/microlib/division.c              0x00000000   Number         0  uldiv.o ABSOLUTE
    ../clib/microlib/division.c              0x00000000   Number         0  uidiv.o ABSOLUTE
    ../clib/microlib/errno.c                 0x00000000   Number         0  errno.o ABSOLUTE
    ../clib/microlib/init/entry.s            0x00000000   Number         0  entry7a.o ABSOLUTE
    ../clib/microlib/init/entry.s            0x00000000   Number         0  entry11a.o ABSOLUTE
    ../clib/microlib/init/entry.s            0x00000000   Number         0  entry5.o ABSOLUTE
    ../clib/microlib/init/entry.s            0x00000000   Number         0  entry2.o ABSOLUTE
    ../clib/microlib/init/entry.s            0x00000000   Number         0  entry9b.o ABSOLUTE
    ../clib/microlib/init/entry.s            0x00000000   Number         0  entry11b.o ABSOLUTE
    ../clib/microlib/init/entry.s            0x00000000   Number         0  entry.o ABSOLUTE
    ../clib/microlib/init/entry.s            0x00000000   Number         0  entry7b.o ABSOLUTE
    ../clib/microlib/init/entry.s            0x00000000   Number         0  entry8a.o ABSOLUTE
    ../clib/microlib/init/entry.s            0x00000000   Number         0  entry8b.o ABSOLUTE
    ../clib/microlib/init/entry.s            0x00000000   Number         0  entry10b.o ABSOLUTE
    ../clib/microlib/init/entry.s            0x00000000   Number         0  entry9a.o ABSOLUTE
    ../clib/microlib/init/entry.s            0x00000000   Number         0  entry10a.o ABSOLUTE
    ../clib/microlib/longlong.c              0x00000000   Number         0  llushr.o ABSOLUTE
    ../clib/microlib/longlong.c              0x00000000   Number         0  llshl.o ABSOLUTE
    ../clib/microlib/longlong.c              0x00000000   Number         0  llsshr.o ABSOLUTE
    ../clib/microlib/printf/printf.c         0x00000000   Number         0  printfb.o ABSOLUTE
    ../clib/microlib/printf/printf.c         0x00000000   Number         0  printf0.o ABSOLUTE
    ../clib/microlib/printf/printf.c         0x00000000   Number         0  printfa.o ABSOLUTE
    ../clib/microlib/printf/printf.c         0x00000000   Number         0  printf8.o ABSOLUTE
    ../clib/microlib/printf/printf.c         0x00000000   Number         0  printf7.o ABSOLUTE
    ../clib/microlib/printf/printf.c         0x00000000   Number         0  printf6.o ABSOLUTE
    ../clib/microlib/printf/printf.c         0x00000000   Number         0  printf5.o ABSOLUTE
    ../clib/microlib/printf/printf.c         0x00000000   Number         0  printf4.o ABSOLUTE
    ../clib/microlib/printf/printf.c         0x00000000   Number         0  printf3.o ABSOLUTE
    ../clib/microlib/printf/printf.c         0x00000000   Number         0  printf2.o ABSOLUTE
    ../clib/microlib/printf/printf.c         0x00000000   Number         0  printf1.o ABSOLUTE
    ../clib/microlib/stdio/fputc.c           0x00000000   Number         0  fputc.o ABSOLUTE
    ../clib/microlib/stdio/semi.s            0x00000000   Number         0  semi.o ABSOLUTE
    ../clib/microlib/stdio/streams.c         0x00000000   Number         0  stdout.o ABSOLUTE
    ../clib/microlib/string/memcmp.c         0x00000000   Number         0  memcmp.o ABSOLUTE
    ../clib/microlib/string/memset.c         0x00000000   Number         0  memseta.o ABSOLUTE
    ../clib/microlib/string/strlen.c         0x00000000   Number         0  strlen.o ABSOLUTE
    ../clib/microlib/stubs.s                 0x00000000   Number         0  iusefp.o ABSOLUTE
    ../clib/microlib/stubs.s                 0x00000000   Number         0  iusesemip.o ABSOLUTE
    ../fplib/microlib/d2f.c                  0x00000000   Number         0  d2f.o ABSOLUTE
    ../fplib/microlib/f2d.c                  0x00000000   Number         0  f2d.o ABSOLUTE
    ../fplib/microlib/fpadd.c                0x00000000   Number         0  dadd.o ABSOLUTE
    ../fplib/microlib/fpadd.c                0x00000000   Number         0  fadd.o ABSOLUTE
    ../fplib/microlib/fpdiv.c                0x00000000   Number         0  fdiv.o ABSOLUTE
    ../fplib/microlib/fpdiv.c                0x00000000   Number         0  ddiv.o ABSOLUTE
    ../fplib/microlib/fpepilogue.c           0x00000000   Number         0  depilogue.o ABSOLUTE
    ../fplib/microlib/fpepilogue.c           0x00000000   Number         0  fepilogue.o ABSOLUTE
    ../fplib/microlib/fpfix.c                0x00000000   Number         0  dfixul.o ABSOLUTE
    ../fplib/microlib/fpfix.c                0x00000000   Number         0  ffixui.o ABSOLUTE
    ../fplib/microlib/fpfix.c                0x00000000   Number         0  ffixi.o ABSOLUTE
    ../fplib/microlib/fpflt.c                0x00000000   Number         0  fflti.o ABSOLUTE
    ../fplib/microlib/fpflt.c                0x00000000   Number         0  ffltui.o ABSOLUTE
    ../fplib/microlib/fpmul.c                0x00000000   Number         0  fmul.o ABSOLUTE
    ../fplib/microlib/fpmul.c                0x00000000   Number         0  dmul.o ABSOLUTE
    ../fplib/microlib/fpscalb.c              0x00000000   Number         0  dscalb.o ABSOLUTE
    ../fplib/microlib/fpsqrt.c               0x00000000   Number         0  dsqrt.o ABSOLUTE
    ../mathlib/asin.c                        0x00000000   Number         0  asin_x.o ABSOLUTE
    ../mathlib/asin.c                        0x00000000   Number         0  asin.o ABSOLUTE
    ../mathlib/atan.c                        0x00000000   Number         0  atan_x.o ABSOLUTE
    ../mathlib/atan.c                        0x00000000   Number         0  atan.o ABSOLUTE
    ../mathlib/atan2.c                       0x00000000   Number         0  atan2.o ABSOLUTE
    ../mathlib/atan2.c                       0x00000000   Number         0  atan2_x.o ABSOLUTE
    ../mathlib/dunder.c                      0x00000000   Number         0  dunder.o ABSOLUTE
    ../mathlib/fpclassify.c                  0x00000000   Number         0  fpclassify.o ABSOLUTE
    ../mathlib/poly.c                        0x00000000   Number         0  poly.o ABSOLUTE
    ../mathlib/qnan.c                        0x00000000   Number         0  qnan.o ABSOLUTE
    ../mathlib/sqrt.c                        0x00000000   Number         0  sqrt.o ABSOLUTE
    ../mathlib/sqrt.c                        0x00000000   Number         0  sqrt_x.o ABSOLUTE
    ..\CORE\core_cm3.c                       0x00000000   Number         0  core_cm3.o ABSOLUTE
    ..\CORE\startup_stm32f10x_hd.s           0x00000000   Number         0  startup_stm32f10x_hd.o ABSOLUTE
    ..\HARDWARE\BALANCE\MPU6050.c            0x00000000   Number         0  mpu6050.o ABSOLUTE
    ..\HARDWARE\BALANCE\MPU6050_IIC.c        0x00000000   Number         0  mpu6050_iic.o ABSOLUTE
    ..\HARDWARE\BALANCE\Smar_time_task.c     0x00000000   Number         0  smar_time_task.o ABSOLUTE
    ..\HARDWARE\BALANCE\encoder.c            0x00000000   Number         0  encoder.o ABSOLUTE
    ..\HARDWARE\BALANCE\filter.c             0x00000000   Number         0  filter.o ABSOLUTE
    ..\HARDWARE\BALANCE\inv_mpu.c            0x00000000   Number         0  inv_mpu.o ABSOLUTE
    ..\HARDWARE\BALANCE\inv_mpu_dmp_motion_driver.c 0x00000000   Number         0  inv_mpu_dmp_motion_driver.o ABSOLUTE
    ..\HARDWARE\BALANCE\motor.c              0x00000000   Number         0  motor.o ABSOLUTE
    ..\HARDWARE\BALANCE\pid.c                0x00000000   Number         0  pid.o ABSOLUTE
    ..\HARDWARE\BALANCE\pstwo.c              0x00000000   Number         0  pstwo.o ABSOLUTE
    ..\HARDWARE\BALANCE\smartcar_control.c   0x00000000   Number         0  smartcar_control.o ABSOLUTE
    ..\HARDWARE\BLU_APP\protocol.c           0x00000000   Number         0  protocol.o ABSOLUTE
    ..\HARDWARE\BLU_APP\usart1.c             0x00000000   Number         0  usart1.o ABSOLUTE
    ..\HARDWARE\BLU_APP\usart3.c             0x00000000   Number         0  usart3.o ABSOLUTE
    ..\STM32F10x_FWLib\src\misc.c            0x00000000   Number         0  misc.o ABSOLUTE
    ..\STM32F10x_FWLib\src\stm32f10x_adc.c   0x00000000   Number         0  stm32f10x_adc.o ABSOLUTE
    ..\STM32F10x_FWLib\src\stm32f10x_bkp.c   0x00000000   Number         0  stm32f10x_bkp.o ABSOLUTE
    ..\STM32F10x_FWLib\src\stm32f10x_can.c   0x00000000   Number         0  stm32f10x_can.o ABSOLUTE
    ..\STM32F10x_FWLib\src\stm32f10x_cec.c   0x00000000   Number         0  stm32f10x_cec.o ABSOLUTE
    ..\STM32F10x_FWLib\src\stm32f10x_crc.c   0x00000000   Number         0  stm32f10x_crc.o ABSOLUTE
    ..\STM32F10x_FWLib\src\stm32f10x_dac.c   0x00000000   Number         0  stm32f10x_dac.o ABSOLUTE
    ..\STM32F10x_FWLib\src\stm32f10x_dbgmcu.c 0x00000000   Number         0  stm32f10x_dbgmcu.o ABSOLUTE
    ..\STM32F10x_FWLib\src\stm32f10x_dma.c   0x00000000   Number         0  stm32f10x_dma.o ABSOLUTE
    ..\STM32F10x_FWLib\src\stm32f10x_exti.c  0x00000000   Number         0  stm32f10x_exti.o ABSOLUTE
    ..\STM32F10x_FWLib\src\stm32f10x_flash.c 0x00000000   Number         0  stm32f10x_flash.o ABSOLUTE
    ..\STM32F10x_FWLib\src\stm32f10x_fsmc.c  0x00000000   Number         0  stm32f10x_fsmc.o ABSOLUTE
    ..\STM32F10x_FWLib\src\stm32f10x_gpio.c  0x00000000   Number         0  stm32f10x_gpio.o ABSOLUTE
    ..\STM32F10x_FWLib\src\stm32f10x_i2c.c   0x00000000   Number         0  stm32f10x_i2c.o ABSOLUTE
    ..\STM32F10x_FWLib\src\stm32f10x_iwdg.c  0x00000000   Number         0  stm32f10x_iwdg.o ABSOLUTE
    ..\STM32F10x_FWLib\src\stm32f10x_pwr.c   0x00000000   Number         0  stm32f10x_pwr.o ABSOLUTE
    ..\STM32F10x_FWLib\src\stm32f10x_rcc.c   0x00000000   Number         0  stm32f10x_rcc.o ABSOLUTE
    ..\STM32F10x_FWLib\src\stm32f10x_rtc.c   0x00000000   Number         0  stm32f10x_rtc.o ABSOLUTE
    ..\STM32F10x_FWLib\src\stm32f10x_sdio.c  0x00000000   Number         0  stm32f10x_sdio.o ABSOLUTE
    ..\STM32F10x_FWLib\src\stm32f10x_spi.c   0x00000000   Number         0  stm32f10x_spi.o ABSOLUTE
    ..\STM32F10x_FWLib\src\stm32f10x_tim.c   0x00000000   Number         0  stm32f10x_tim.o ABSOLUTE
    ..\STM32F10x_FWLib\src\stm32f10x_usart.c 0x00000000   Number         0  stm32f10x_usart.o ABSOLUTE
    ..\STM32F10x_FWLib\src\stm32f10x_wwdg.c  0x00000000   Number         0  stm32f10x_wwdg.o ABSOLUTE
    ..\SYSTEM\delay\delay.c                  0x00000000   Number         0  delay.o ABSOLUTE
    ..\SYSTEM\sys\sys.c                      0x00000000   Number         0  sys.o ABSOLUTE
    ..\UCOSII\CORE\os_core.c                 0x00000000   Number         0  os_core.o ABSOLUTE
    ..\UCOSII\CORE\os_flag.c                 0x00000000   Number         0  os_flag.o ABSOLUTE
    ..\UCOSII\CORE\os_mbox.c                 0x00000000   Number         0  os_mbox.o ABSOLUTE
    ..\UCOSII\CORE\os_mem.c                  0x00000000   Number         0  os_mem.o ABSOLUTE
    ..\UCOSII\CORE\os_mutex.c                0x00000000   Number         0  os_mutex.o ABSOLUTE
    ..\UCOSII\CORE\os_q.c                    0x00000000   Number         0  os_q.o ABSOLUTE
    ..\UCOSII\CORE\os_sem.c                  0x00000000   Number         0  os_sem.o ABSOLUTE
    ..\UCOSII\CORE\os_task.c                 0x00000000   Number         0  os_task.o ABSOLUTE
    ..\UCOSII\CORE\os_time.c                 0x00000000   Number         0  os_time.o ABSOLUTE
    ..\UCOSII\CORE\os_tmr.c                  0x00000000   Number         0  os_tmr.o ABSOLUTE
    ..\UCOSII\PORT\os_cpu_a.asm              0x00000000   Number         0  os_cpu_a.o ABSOLUTE
    ..\UCOSII\PORT\os_cpu_c.c                0x00000000   Number         0  os_cpu_c.o ABSOLUTE
    ..\\CORE\\core_cm3.c                     0x00000000   Number         0  core_cm3.o ABSOLUTE
    ..\\SYSTEM\\sys\\sys.c                   0x00000000   Number         0  sys.o ABSOLUTE
    cdcmple.s                                0x00000000   Number         0  cdcmple.o ABSOLUTE
    cdrcmple.s                               0x00000000   Number         0  cdrcmple.o ABSOLUTE
    cfcmple.s                                0x00000000   Number         0  cfcmple.o ABSOLUTE
    cfrcmple.s                               0x00000000   Number         0  cfrcmple.o ABSOLUTE
    dc.s                                     0x00000000   Number         0  dc.o ABSOLUTE
    handlers.s                               0x00000000   Number         0  handlers.o ABSOLUTE
    init.s                                   0x00000000   Number         0  init.o ABSOLUTE
    main.c                                   0x00000000   Number         0  main.o ABSOLUTE
    stm32f10x_it.c                           0x00000000   Number         0  stm32f10x_it.o ABSOLUTE
    system_stm32f10x.c                       0x00000000   Number         0  system_stm32f10x.o ABSOLUTE
    RESET                                    0x08000000   Section      304  startup_stm32f10x_hd.o(RESET)
    .ARM.Collect$$$$00000000                 0x08000130   Section        0  entry.o(.ARM.Collect$$$$00000000)
    .ARM.Collect$$$$00000001                 0x08000130   Section        4  entry2.o(.ARM.Collect$$$$00000001)
    .ARM.Collect$$$$00000004                 0x08000134   Section        4  entry5.o(.ARM.Collect$$$$00000004)
    .ARM.Collect$$$$00000008                 0x08000138   Section        0  entry7b.o(.ARM.Collect$$$$00000008)
    .ARM.Collect$$$$0000000A                 0x08000138   Section        0  entry8b.o(.ARM.Collect$$$$0000000A)
    .ARM.Collect$$$$0000000B                 0x08000138   Section        8  entry9a.o(.ARM.Collect$$$$0000000B)
    .ARM.Collect$$$$0000000D                 0x08000140   Section        0  entry10a.o(.ARM.Collect$$$$0000000D)
    .ARM.Collect$$$$0000000F                 0x08000140   Section        0  entry11a.o(.ARM.Collect$$$$0000000F)
    .ARM.Collect$$$$00002712                 0x08000140   Section        4  entry2.o(.ARM.Collect$$$$00002712)
    __lit__00000000                          0x08000140   Data           4  entry2.o(.ARM.Collect$$$$00002712)
    .text                                    0x08000144   Section       36  startup_stm32f10x_hd.o(.text)
    .text                                    0x08000168   Section      180  os_cpu_a.o(.text)
    .text                                    0x0800021c   Section        0  fadd.o(.text)
    .text                                    0x080002cc   Section        0  fmul.o(.text)
    .text                                    0x08000330   Section        0  fflti.o(.text)
    .text                                    0x08000342   Section        0  ffixi.o(.text)
    .text                                    0x08000374   Section        0  iusefp.o(.text)
    .text                                    0x08000374   Section        0  fepilogue.o(.text)
    .text                                    0x080003e4   Section       36  init.o(.text)
    i.BusFault_Handler                       0x08000408   Section        0  stm32f10x_it.o(i.BusFault_Handler)
    i.DebugMon_Handler                       0x0800040c   Section        0  stm32f10x_it.o(i.DebugMon_Handler)
    i.GPIO_Init                              0x0800040e   Section        0  stm32f10x_gpio.o(i.GPIO_Init)
    i.GPIO_ResetBits                         0x08000524   Section        0  stm32f10x_gpio.o(i.GPIO_ResetBits)
    i.GPIO_SetBits                           0x08000528   Section        0  stm32f10x_gpio.o(i.GPIO_SetBits)
    i.HardFault_Handler                      0x0800052c   Section        0  stm32f10x_it.o(i.HardFault_Handler)
    i.Joystick                               0x08000530   Section        0  pstwo.o(i.Joystick)
    i.Limit_Pwm                              0x08000870   Section        0  smartcar_control.o(i.Limit_Pwm)
    i.MemManage_Handler                      0x080008a2   Section        0  stm32f10x_it.o(i.MemManage_Handler)
    i.Motor_PWM_Init                         0x080008a8   Section        0  motor.o(i.Motor_PWM_Init)
    i.NMI_Handler                            0x08000ab8   Section        0  stm32f10x_it.o(i.NMI_Handler)
    i.NVIC_Init                              0x08000abc   Section        0  misc.o(i.NVIC_Init)
    i.NVIC_PriorityGroupConfig               0x08000b2c   Section        0  misc.o(i.NVIC_PriorityGroupConfig)
    i.OSInit                                 0x08000b40   Section        0  os_core.o(i.OSInit)
    i.OSInitHookBegin                        0x08000b70   Section        0  os_cpu_c.o(i.OSInitHookBegin)
    i.OSInitHookEnd                          0x08000b7c   Section        0  os_cpu_c.o(i.OSInitHookEnd)
    i.OSIntEnter                             0x08000b80   Section        0  os_core.o(i.OSIntEnter)
    i.OSIntExit                              0x08000ba4   Section        0  os_core.o(i.OSIntExit)
    i.OSSchedLock                            0x08000c34   Section        0  os_core.o(i.OSSchedLock)
    i.OSSchedUnlock                          0x08000c74   Section        0  os_core.o(i.OSSchedUnlock)
    i.OSSemCreate                            0x08000cd4   Section        0  os_sem.o(i.OSSemCreate)
    i.OSSemPend                              0x08000d20   Section        0  os_sem.o(i.OSSemPend)
    i.OSSemPost                              0x08000e0c   Section        0  os_sem.o(i.OSSemPost)
    i.OSStart                                0x08000e64   Section        0  os_core.o(i.OSStart)
    i.OSTCBInitHook                          0x08000eac   Section        0  os_cpu_c.o(i.OSTCBInitHook)
    i.OSTaskCreate                           0x08000eb0   Section        0  os_task.o(i.OSTaskCreate)
    i.OSTaskCreateExt                        0x08000f50   Section        0  os_task.o(i.OSTaskCreateExt)
    i.OSTaskCreateHook                       0x08001008   Section        0  os_cpu_c.o(i.OSTaskCreateHook)
    i.OSTaskIdleHook                         0x0800100a   Section        0  os_cpu_c.o(i.OSTaskIdleHook)
    i.OSTaskNameSet                          0x0800100c   Section        0  os_task.o(i.OSTaskNameSet)
    i.OSTaskStatHook                         0x0800107c   Section        0  os_cpu_c.o(i.OSTaskStatHook)
    i.OSTaskStkChk                           0x08001080   Section        0  os_task.o(i.OSTaskStkChk)
    i.OSTaskStkInit                          0x0800110c   Section        0  os_cpu_c.o(i.OSTaskStkInit)
    i.OSTaskSuspend                          0x080011a8   Section        0  os_task.o(i.OSTaskSuspend)
    i.OSTaskSwHook                           0x08001250   Section        0  os_cpu_c.o(i.OSTaskSwHook)
    i.OSTimeDly                              0x08001254   Section        0  os_time.o(i.OSTimeDly)
    i.OSTimeDlyHMSM                          0x080012cc   Section        0  os_time.o(i.OSTimeDlyHMSM)
    i.OSTimeGet                              0x0800132c   Section        0  os_time.o(i.OSTimeGet)
    i.OSTimeTick                             0x08001348   Section        0  os_core.o(i.OSTimeTick)
    i.OSTimeTickHook                         0x08001434   Section        0  os_cpu_c.o(i.OSTimeTickHook)
    i.OSTmrCreate                            0x08001454   Section        0  os_tmr.o(i.OSTmrCreate)
    i.OSTmrSignal                            0x080014b8   Section        0  os_tmr.o(i.OSTmrSignal)
    i.OSTmrStart                             0x080014cc   Section        0  os_tmr.o(i.OSTmrStart)
    i.OSTmr_Alloc                            0x08001550   Section        0  os_tmr.o(i.OSTmr_Alloc)
    OSTmr_Alloc                              0x08001551   Thumb Code    50  os_tmr.o(i.OSTmr_Alloc)
    i.OSTmr_Init                             0x08001590   Section        0  os_tmr.o(i.OSTmr_Init)
    i.OSTmr_InitTask                         0x08001648   Section        0  os_tmr.o(i.OSTmr_InitTask)
    OSTmr_InitTask                           0x08001649   Thumb Code    50  os_tmr.o(i.OSTmr_InitTask)
    i.OSTmr_Link                             0x08001698   Section        0  os_tmr.o(i.OSTmr_Link)
    OSTmr_Link                               0x08001699   Thumb Code   100  os_tmr.o(i.OSTmr_Link)
    i.OSTmr_Task                             0x08001704   Section        0  os_tmr.o(i.OSTmr_Task)
    OSTmr_Task                               0x08001705   Thumb Code   114  os_tmr.o(i.OSTmr_Task)
    i.OSTmr_Unlink                           0x08001784   Section        0  os_tmr.o(i.OSTmr_Unlink)
    OSTmr_Unlink                             0x08001785   Thumb Code    62  os_tmr.o(i.OSTmr_Unlink)
    i.OS_EventTaskRdy                        0x080017c8   Section        0  os_core.o(i.OS_EventTaskRdy)
    i.OS_EventTaskRemove                     0x0800184c   Section        0  os_core.o(i.OS_EventTaskRemove)
    i.OS_EventTaskWait                       0x08001878   Section        0  os_core.o(i.OS_EventTaskWait)
    i.OS_EventWaitListInit                   0x080018f4   Section        0  os_core.o(i.OS_EventWaitListInit)
    i.OS_FlagInit                            0x08001910   Section        0  os_flag.o(i.OS_FlagInit)
    i.OS_InitEventList                       0x08001968   Section        0  os_core.o(i.OS_InitEventList)
    OS_InitEventList                         0x08001969   Thumb Code    74  os_core.o(i.OS_InitEventList)
    i.OS_InitMisc                            0x080019bc   Section        0  os_core.o(i.OS_InitMisc)
    OS_InitMisc                              0x080019bd   Thumb Code    44  os_core.o(i.OS_InitMisc)
    i.OS_InitRdyList                         0x08001a10   Section        0  os_core.o(i.OS_InitRdyList)
    OS_InitRdyList                           0x08001a11   Thumb Code    44  os_core.o(i.OS_InitRdyList)
    i.OS_InitTCBList                         0x08001a54   Section        0  os_core.o(i.OS_InitTCBList)
    OS_InitTCBList                           0x08001a55   Thumb Code   106  os_core.o(i.OS_InitTCBList)
    i.OS_InitTaskIdle                        0x08001ad4   Section        0  os_core.o(i.OS_InitTaskIdle)
    OS_InitTaskIdle                          0x08001ad5   Thumb Code    50  os_core.o(i.OS_InitTaskIdle)
    i.OS_InitTaskStat                        0x08001b24   Section        0  os_core.o(i.OS_InitTaskStat)
    OS_InitTaskStat                          0x08001b25   Thumb Code    50  os_core.o(i.OS_InitTaskStat)
    i.OS_MemClr                              0x08001b74   Section        0  os_core.o(i.OS_MemClr)
    i.OS_QInit                               0x08001b88   Section        0  os_q.o(i.OS_QInit)
    i.OS_Sched                               0x08001bd8   Section        0  os_core.o(i.OS_Sched)
    i.OS_SchedNew                            0x08001c4c   Section        0  os_core.o(i.OS_SchedNew)
    OS_SchedNew                              0x08001c4d   Thumb Code    26  os_core.o(i.OS_SchedNew)
    i.OS_TCBInit                             0x08001c78   Section        0  os_core.o(i.OS_TCBInit)
    i.OS_TaskIdle                            0x08001dac   Section        0  os_core.o(i.OS_TaskIdle)
    i.OS_TaskStat                            0x08001dd4   Section        0  os_core.o(i.OS_TaskStat)
    i.OS_TaskStatStkChk                      0x08001e5c   Section        0  os_core.o(i.OS_TaskStatStkChk)
    i.OS_TaskStkClr                          0x08001e98   Section        0  os_task.o(i.OS_TaskStkClr)
    i.PS2_AnologData                         0x08001eb4   Section        0  pstwo.o(i.PS2_AnologData)
    i.PS2_ClearData                          0x08001ec0   Section        0  pstwo.o(i.PS2_ClearData)
    i.PS2_Cmd                                0x08001ed8   Section        0  pstwo.o(i.PS2_Cmd)
    i.PS2_DataKey                            0x08001f68   Section        0  pstwo.o(i.PS2_DataKey)
    i.PS2_EnterConfing                       0x08001fa0   Section        0  pstwo.o(i.PS2_EnterConfing)
    i.PS2_ExitConfing                        0x08001ffc   Section        0  pstwo.o(i.PS2_ExitConfing)
    i.PS2_Init                               0x08002058   Section        0  pstwo.o(i.PS2_Init)
    i.PS2_ReadData                           0x080020a4   Section        0  pstwo.o(i.PS2_ReadData)
    i.PS2_SetInit                            0x08002158   Section        0  pstwo.o(i.PS2_SetInit)
    i.PS2_ShortPoll                          0x0800217c   Section        0  pstwo.o(i.PS2_ShortPoll)
    i.PS2_TurnOnAnalogMode                   0x080021c0   Section        0  pstwo.o(i.PS2_TurnOnAnalogMode)
    i.PS2_VibrationMode                      0x08002218   Section        0  pstwo.o(i.PS2_VibrationMode)
    i.RCC_APB1PeriphClockCmd                 0x0800225c   Section        0  stm32f10x_rcc.o(i.RCC_APB1PeriphClockCmd)
    i.RCC_APB1PeriphResetCmd                 0x0800227c   Section        0  stm32f10x_rcc.o(i.RCC_APB1PeriphResetCmd)
    i.RCC_APB2PeriphClockCmd                 0x0800229c   Section        0  stm32f10x_rcc.o(i.RCC_APB2PeriphClockCmd)
    i.RCC_APB2PeriphResetCmd                 0x080022bc   Section        0  stm32f10x_rcc.o(i.RCC_APB2PeriphResetCmd)
    i.RCC_GetClocksFreq                      0x080022dc   Section        0  stm32f10x_rcc.o(i.RCC_GetClocksFreq)
    i.SVC_Handler                            0x080023b0   Section        0  stm32f10x_it.o(i.SVC_Handler)
    i.SetSysClock                            0x080023b2   Section        0  system_stm32f10x.o(i.SetSysClock)
    SetSysClock                              0x080023b3   Thumb Code     8  system_stm32f10x.o(i.SetSysClock)
    i.SetSysClockTo72                        0x080023bc   Section        0  system_stm32f10x.o(i.SetSysClockTo72)
    SetSysClockTo72                          0x080023bd   Thumb Code   214  system_stm32f10x.o(i.SetSysClockTo72)
    i.Set_Pwm                                0x0800249c   Section        0  smartcar_control.o(i.Set_Pwm)
    i.SmartCar_control                       0x08002504   Section        0  smartcar_control.o(i.SmartCar_control)
    i.SmartCar_control_init                  0x080025c4   Section        0  smartcar_control.o(i.SmartCar_control_init)
    i.SysTick_CLKSourceConfig                0x080025f4   Section        0  misc.o(i.SysTick_CLKSourceConfig)
    i.SysTick_Handler                        0x0800261c   Section        0  delay.o(i.SysTick_Handler)
    i.SystemInit                             0x08002638   Section        0  system_stm32f10x.o(i.SystemInit)
    i.System_Device_Init                     0x08002698   Section        0  main.o(i.System_Device_Init)
    i.TIM4_IRQHandler                        0x080026dc   Section        0  encoder.o(i.TIM4_IRQHandler)
    i.TIM5_IRQHandler                        0x080026fc   Section        0  encoder.o(i.TIM5_IRQHandler)
    i.UASRT1_Send_Buf                        0x0800271c   Section        0  usart1.o(i.UASRT1_Send_Buf)
    UASRT1_Send_Buf                          0x0800271d   Thumb Code    48  usart1.o(i.UASRT1_Send_Buf)
    i.UASRT3_Send_Buf                        0x08002750   Section        0  usart3.o(i.UASRT3_Send_Buf)
    UASRT3_Send_Buf                          0x08002751   Thumb Code    48  usart3.o(i.UASRT3_Send_Buf)
    i.USART1_End                             0x08002784   Section        0  usart1.o(i.USART1_End)
    USART1_End                               0x08002785   Thumb Code   206  usart1.o(i.USART1_End)
    i.USART1_Free                            0x08002860   Section        0  usart1.o(i.USART1_Free)
    USART1_Free                              0x08002861   Thumb Code    36  usart1.o(i.USART1_Free)
    i.USART1_IRQHandler                      0x0800288c   Section        0  usart1.o(i.USART1_IRQHandler)
    i.USART1_Res_data                        0x080028f0   Section        0  usart1.o(i.USART1_Res_data)
    USART1_Res_data                          0x080028f1   Thumb Code    38  usart1.o(i.USART1_Res_data)
    i.USART1_Start                           0x08002920   Section        0  usart1.o(i.USART1_Start)
    USART1_Start                             0x08002921   Thumb Code    30  usart1.o(i.USART1_Start)
    i.USART3_End                             0x08002948   Section        0  usart3.o(i.USART3_End)
    USART3_End                               0x08002949   Thumb Code   204  usart3.o(i.USART3_End)
    i.USART3_Free                            0x08002a20   Section        0  usart3.o(i.USART3_Free)
    USART3_Free                              0x08002a21   Thumb Code    36  usart3.o(i.USART3_Free)
    i.USART3_IRQHandler                      0x08002a4c   Section        0  usart3.o(i.USART3_IRQHandler)
    i.USART3_Res_data                        0x08002ab0   Section        0  usart3.o(i.USART3_Res_data)
    USART3_Res_data                          0x08002ab1   Thumb Code    38  usart3.o(i.USART3_Res_data)
    i.USART3_Start                           0x08002ae0   Section        0  usart3.o(i.USART3_Start)
    USART3_Start                             0x08002ae1   Thumb Code    30  usart3.o(i.USART3_Start)
    i.USART_Cmd                              0x08002b08   Section        0  stm32f10x_usart.o(i.USART_Cmd)
    i.USART_DeInit                           0x08002b20   Section        0  stm32f10x_usart.o(i.USART_DeInit)
    i.USART_GetFlagStatus                    0x08002bbc   Section        0  stm32f10x_usart.o(i.USART_GetFlagStatus)
    i.USART_GetITStatus                      0x08002bd6   Section        0  stm32f10x_usart.o(i.USART_GetITStatus)
    i.USART_ITConfig                         0x08002c2a   Section        0  stm32f10x_usart.o(i.USART_ITConfig)
    i.USART_Init                             0x08002c74   Section        0  stm32f10x_usart.o(i.USART_Init)
    i.USART_ReceiveData                      0x08002d4c   Section        0  stm32f10x_usart.o(i.USART_ReceiveData)
    i.USART_SendData                         0x08002d56   Section        0  stm32f10x_usart.o(i.USART_SendData)
    i.UsageFault_Handler                     0x08002d5e   Section        0  stm32f10x_it.o(i.UsageFault_Handler)
    i.__scatterload_copy                     0x08002d62   Section       14  handlers.o(i.__scatterload_copy)
    i.__scatterload_null                     0x08002d70   Section        2  handlers.o(i.__scatterload_null)
    i.__scatterload_zeroinit                 0x08002d72   Section       14  handlers.o(i.__scatterload_zeroinit)
    i.clean_rebuff_USART1                    0x08002d80   Section        0  usart1.o(i.clean_rebuff_USART1)
    clean_rebuff_USART1                      0x08002d81   Thumb Code    28  usart1.o(i.clean_rebuff_USART1)
    i.clean_rebuff_usart3                    0x08002da4   Section        0  usart3.o(i.clean_rebuff_usart3)
    clean_rebuff_usart3                      0x08002da5   Thumb Code    28  usart3.o(i.clean_rebuff_usart3)
    i.delay_init                             0x08002dc8   Section        0  delay.o(i.delay_init)
    i.delay_ms                               0x08002e24   Section        0  delay.o(i.delay_ms)
    i.delay_osschedlock                      0x08002e74   Section        0  delay.o(i.delay_osschedlock)
    i.delay_osschedunlock                    0x08002e7c   Section        0  delay.o(i.delay_osschedunlock)
    i.delay_ostimedly                        0x08002e84   Section        0  delay.o(i.delay_ostimedly)
    i.delay_us                               0x08002e90   Section        0  delay.o(i.delay_us)
    i.laster_backward_control_set            0x08002eec   Section        0  usart1.o(i.laster_backward_control_set)
    i.laster_forward_control_set             0x08002f10   Section        0  usart3.o(i.laster_forward_control_set)
    i.main                                   0x08002f34   Section        0  main.o(i.main)
    i.main_task                              0x08002f5c   Section        0  main.o(i.main_task)
    i.myabs                                  0x08002f8e   Section        0  pid.o(i.myabs)
    i.smar_time_init                         0x08002f9c   Section        0  smar_time_task.o(i.smar_time_init)
    i.start_task                             0x08002fdc   Section        0  main.o(i.start_task)
    i.tmr_smar_callback                      0x0800300c   Section        0  smar_time_task.o(i.tmr_smar_callback)
    i.usart1_init                            0x08003074   Section        0  usart1.o(i.usart1_init)
    i.usart3_init                            0x08003114   Section        0  usart3.o(i.usart3_init)
    .constdata                               0x080031c4   Section      256  os_core.o(.constdata)
    .data                                    0x20000000   Section       20  system_stm32f10x.o(.data)
    .data                                    0x20000014   Section       12  usart3.o(.data)
    continuous_tmp_buff                      0x20000014   Data           4  usart3.o(.data)
    .data                                    0x20000020   Section       12  usart1.o(.data)
    continuous_tmp_buff                      0x20000020   Data           4  usart1.o(.data)
    .data                                    0x2000002c   Section       20  stm32f10x_rcc.o(.data)
    APBAHBPrescTable                         0x2000002c   Data          16  stm32f10x_rcc.o(.data)
    ADCPrescTable                            0x2000003c   Data           4  stm32f10x_rcc.o(.data)
    .data                                    0x20000040   Section        4  delay.o(.data)
    fac_us                                   0x20000040   Data           1  delay.o(.data)
    fac_ms                                   0x20000042   Data           2  delay.o(.data)
    .data                                    0x20000044   Section        6  os_cpu_c.o(.data)
    OSTmrCtr                                 0x20000048   Data           2  os_cpu_c.o(.data)
    .data                                    0x2000004c   Section       92  os_core.o(.data)
    .data                                    0x200000a8   Section       52  smartcar_control.o(.data)
    Kp                                       0x200000d4   Data           4  smartcar_control.o(.data)
    Ki                                       0x200000d8   Data           4  smartcar_control.o(.data)
    .data                                    0x200000dc   Section       16  smar_time_task.o(.data)
    IMU_Sample_count                         0x200000e8   Data           2  smar_time_task.o(.data)
    Car_key_count                            0x200000ea   Data           2  smar_time_task.o(.data)
    .data                                    0x200000ec   Section       48  pstwo.o(.data)
    .bss                                     0x2000011c   Section      768  main.o(.bss)
    .bss                                     0x2000041c   Section       46  usart3.o(.bss)
    .bss                                     0x2000044a   Section       50  usart1.o(.bss)
    .bss                                     0x2000047c   Section     3904  os_core.o(.bss)
    .bss                                     0x200013bc   Section        9  pstwo.o(.bss)
    STACK                                    0x200013c8   Section     1024  startup_stm32f10x_hd.o(STACK)

    Global Symbols

    Symbol Name                              Value     Ov Type        Size  Object(Section)

    BuildAttributes$$THM_ISAv4$P$D$K$B$S$PE$A:L22UL41UL21$X:L11$S22US41US21$IEEE1$IW$USESV6$~STKCKD$USESV7$~SHL$OTIME$ROPI$IEEEX$EBA8$MICROLIB$REQ8$PRES8$EABIv2 0x00000000   Number         0  anon$$obj.o ABSOLUTE
    __ARM_use_no_argv                        0x00000000   Number         0  main.o ABSOLUTE
    __cpp_initialize__aeabi_                  - Undefined Weak Reference
    __cxa_finalize                            - Undefined Weak Reference
    __decompress                              - Undefined Weak Reference
    _clock_init                               - Undefined Weak Reference
    _microlib_exit                            - Undefined Weak Reference
    __Vectors_Size                           0x00000130   Number         0  startup_stm32f10x_hd.o ABSOLUTE
    __Vectors                                0x08000000   Data           4  startup_stm32f10x_hd.o(RESET)
    __Vectors_End                            0x08000130   Data           0  startup_stm32f10x_hd.o(RESET)
    __main                                   0x08000131   Thumb Code     0  entry.o(.ARM.Collect$$$$00000000)
    _main_stk                                0x08000131   Thumb Code     0  entry2.o(.ARM.Collect$$$$00000001)
    _main_scatterload                        0x08000135   Thumb Code     0  entry5.o(.ARM.Collect$$$$00000004)
    __main_after_scatterload                 0x08000139   Thumb Code     0  entry5.o(.ARM.Collect$$$$00000004)
    _main_clock                              0x08000139   Thumb Code     0  entry7b.o(.ARM.Collect$$$$00000008)
    _main_cpp_init                           0x08000139   Thumb Code     0  entry8b.o(.ARM.Collect$$$$0000000A)
    _main_init                               0x08000139   Thumb Code     0  entry9a.o(.ARM.Collect$$$$0000000B)
    __rt_final_cpp                           0x08000141   Thumb Code     0  entry10a.o(.ARM.Collect$$$$0000000D)
    __rt_final_exit                          0x08000141   Thumb Code     0  entry11a.o(.ARM.Collect$$$$0000000F)
    Reset_Handler                            0x08000145   Thumb Code     8  startup_stm32f10x_hd.o(.text)
    ADC1_2_IRQHandler                        0x0800015f   Thumb Code     0  startup_stm32f10x_hd.o(.text)
    ADC3_IRQHandler                          0x0800015f   Thumb Code     0  startup_stm32f10x_hd.o(.text)
    CAN1_RX1_IRQHandler                      0x0800015f   Thumb Code     0  startup_stm32f10x_hd.o(.text)
    CAN1_SCE_IRQHandler                      0x0800015f   Thumb Code     0  startup_stm32f10x_hd.o(.text)
    DMA1_Channel1_IRQHandler                 0x0800015f   Thumb Code     0  startup_stm32f10x_hd.o(.text)
    DMA1_Channel2_IRQHandler                 0x0800015f   Thumb Code     0  startup_stm32f10x_hd.o(.text)
    DMA1_Channel3_IRQHandler                 0x0800015f   Thumb Code     0  startup_stm32f10x_hd.o(.text)
    DMA1_Channel4_IRQHandler                 0x0800015f   Thumb Code     0  startup_stm32f10x_hd.o(.text)
    DMA1_Channel5_IRQHandler                 0x0800015f   Thumb Code     0  startup_stm32f10x_hd.o(.text)
    DMA1_Channel6_IRQHandler                 0x0800015f   Thumb Code     0  startup_stm32f10x_hd.o(.text)
    DMA1_Channel7_IRQHandler                 0x0800015f   Thumb Code     0  startup_stm32f10x_hd.o(.text)
    DMA2_Channel1_IRQHandler                 0x0800015f   Thumb Code     0  startup_stm32f10x_hd.o(.text)
    DMA2_Channel2_IRQHandler                 0x0800015f   Thumb Code     0  startup_stm32f10x_hd.o(.text)
    DMA2_Channel3_IRQHandler                 0x0800015f   Thumb Code     0  startup_stm32f10x_hd.o(.text)
    DMA2_Channel4_5_IRQHandler               0x0800015f   Thumb Code     0  startup_stm32f10x_hd.o(.text)
    EXTI0_IRQHandler                         0x0800015f   Thumb Code     0  startup_stm32f10x_hd.o(.text)
    EXTI15_10_IRQHandler                     0x0800015f   Thumb Code     0  startup_stm32f10x_hd.o(.text)
    EXTI1_IRQHandler                         0x0800015f   Thumb Code     0  startup_stm32f10x_hd.o(.text)
    EXTI2_IRQHandler                         0x0800015f   Thumb Code     0  startup_stm32f10x_hd.o(.text)
    EXTI3_IRQHandler                         0x0800015f   Thumb Code     0  startup_stm32f10x_hd.o(.text)
    EXTI4_IRQHandler                         0x0800015f   Thumb Code     0  startup_stm32f10x_hd.o(.text)
    EXTI9_5_IRQHandler                       0x0800015f   Thumb Code     0  startup_stm32f10x_hd.o(.text)
    FLASH_IRQHandler                         0x0800015f   Thumb Code     0  startup_stm32f10x_hd.o(.text)
    FSMC_IRQHandler                          0x0800015f   Thumb Code     0  startup_stm32f10x_hd.o(.text)
    I2C1_ER_IRQHandler                       0x0800015f   Thumb Code     0  startup_stm32f10x_hd.o(.text)
    I2C1_EV_IRQHandler                       0x0800015f   Thumb Code     0  startup_stm32f10x_hd.o(.text)
    I2C2_ER_IRQHandler                       0x0800015f   Thumb Code     0  startup_stm32f10x_hd.o(.text)
    I2C2_EV_IRQHandler                       0x0800015f   Thumb Code     0  startup_stm32f10x_hd.o(.text)
    PVD_IRQHandler                           0x0800015f   Thumb Code     0  startup_stm32f10x_hd.o(.text)
    RCC_IRQHandler                           0x0800015f   Thumb Code     0  startup_stm32f10x_hd.o(.text)
    RTCAlarm_IRQHandler                      0x0800015f   Thumb Code     0  startup_stm32f10x_hd.o(.text)
    RTC_IRQHandler                           0x0800015f   Thumb Code     0  startup_stm32f10x_hd.o(.text)
    SDIO_IRQHandler                          0x0800015f   Thumb Code     0  startup_stm32f10x_hd.o(.text)
    SPI1_IRQHandler                          0x0800015f   Thumb Code     0  startup_stm32f10x_hd.o(.text)
    SPI2_IRQHandler                          0x0800015f   Thumb Code     0  startup_stm32f10x_hd.o(.text)
    SPI3_IRQHandler                          0x0800015f   Thumb Code     0  startup_stm32f10x_hd.o(.text)
    TAMPER_IRQHandler                        0x0800015f   Thumb Code     0  startup_stm32f10x_hd.o(.text)
    TIM1_BRK_IRQHandler                      0x0800015f   Thumb Code     0  startup_stm32f10x_hd.o(.text)
    TIM1_CC_IRQHandler                       0x0800015f   Thumb Code     0  startup_stm32f10x_hd.o(.text)
    TIM1_TRG_COM_IRQHandler                  0x0800015f   Thumb Code     0  startup_stm32f10x_hd.o(.text)
    TIM1_UP_IRQHandler                       0x0800015f   Thumb Code     0  startup_stm32f10x_hd.o(.text)
    TIM2_IRQHandler                          0x0800015f   Thumb Code     0  startup_stm32f10x_hd.o(.text)
    TIM3_IRQHandler                          0x0800015f   Thumb Code     0  startup_stm32f10x_hd.o(.text)
    TIM6_IRQHandler                          0x0800015f   Thumb Code     0  startup_stm32f10x_hd.o(.text)
    TIM7_IRQHandler                          0x0800015f   Thumb Code     0  startup_stm32f10x_hd.o(.text)
    TIM8_BRK_IRQHandler                      0x0800015f   Thumb Code     0  startup_stm32f10x_hd.o(.text)
    TIM8_CC_IRQHandler                       0x0800015f   Thumb Code     0  startup_stm32f10x_hd.o(.text)
    TIM8_TRG_COM_IRQHandler                  0x0800015f   Thumb Code     0  startup_stm32f10x_hd.o(.text)
    TIM8_UP_IRQHandler                       0x0800015f   Thumb Code     0  startup_stm32f10x_hd.o(.text)
    UART4_IRQHandler                         0x0800015f   Thumb Code     0  startup_stm32f10x_hd.o(.text)
    UART5_IRQHandler                         0x0800015f   Thumb Code     0  startup_stm32f10x_hd.o(.text)
    USART2_IRQHandler                        0x0800015f   Thumb Code     0  startup_stm32f10x_hd.o(.text)
    USBWakeUp_IRQHandler                     0x0800015f   Thumb Code     0  startup_stm32f10x_hd.o(.text)
    USB_HP_CAN1_TX_IRQHandler                0x0800015f   Thumb Code     0  startup_stm32f10x_hd.o(.text)
    USB_LP_CAN1_RX0_IRQHandler               0x0800015f   Thumb Code     0  startup_stm32f10x_hd.o(.text)
    WWDG_IRQHandler                          0x0800015f   Thumb Code     0  startup_stm32f10x_hd.o(.text)
    OS_CPU_SR_Save                           0x08000169   Thumb Code     0  os_cpu_a.o(.text)
    OS_CPU_SR_Restore                        0x08000171   Thumb Code     0  os_cpu_a.o(.text)
    OSStartHighRdy                           0x08000177   Thumb Code     0  os_cpu_a.o(.text)
    OSCtxSw                                  0x08000199   Thumb Code     0  os_cpu_a.o(.text)
    OSIntCtxSw                               0x080001a7   Thumb Code     0  os_cpu_a.o(.text)
    PendSV_Handler                           0x080001b7   Thumb Code     0  os_cpu_a.o(.text)
    __aeabi_fadd                             0x0800021d   Thumb Code   164  fadd.o(.text)
    __aeabi_fsub                             0x080002c1   Thumb Code     6  fadd.o(.text)
    __aeabi_frsub                            0x080002c7   Thumb Code     6  fadd.o(.text)
    __aeabi_fmul                             0x080002cd   Thumb Code   100  fmul.o(.text)
    __aeabi_i2f                              0x08000331   Thumb Code    18  fflti.o(.text)
    __aeabi_f2iz                             0x08000343   Thumb Code    50  ffixi.o(.text)
    __I$use$fp                               0x08000375   Thumb Code     0  iusefp.o(.text)
    _float_round                             0x08000375   Thumb Code    18  fepilogue.o(.text)
    _float_epilogue                          0x08000387   Thumb Code    92  fepilogue.o(.text)
    __scatterload                            0x080003e5   Thumb Code    28  init.o(.text)
    __scatterload_rt2                        0x080003e5   Thumb Code     0  init.o(.text)
    BusFault_Handler                         0x08000409   Thumb Code     4  stm32f10x_it.o(i.BusFault_Handler)
    DebugMon_Handler                         0x0800040d   Thumb Code     2  stm32f10x_it.o(i.DebugMon_Handler)
    GPIO_Init                                0x0800040f   Thumb Code   278  stm32f10x_gpio.o(i.GPIO_Init)
    GPIO_ResetBits                           0x08000525   Thumb Code     4  stm32f10x_gpio.o(i.GPIO_ResetBits)
    GPIO_SetBits                             0x08000529   Thumb Code     4  stm32f10x_gpio.o(i.GPIO_SetBits)
    HardFault_Handler                        0x0800052d   Thumb Code     4  stm32f10x_it.o(i.HardFault_Handler)
    Joystick                                 0x08000531   Thumb Code   782  pstwo.o(i.Joystick)
    Limit_Pwm                                0x08000871   Thumb Code    50  smartcar_control.o(i.Limit_Pwm)
    MemManage_Handler                        0x080008a3   Thumb Code     4  stm32f10x_it.o(i.MemManage_Handler)
    Motor_PWM_Init                           0x080008a9   Thumb Code   502  motor.o(i.Motor_PWM_Init)
    NMI_Handler                              0x08000ab9   Thumb Code     2  stm32f10x_it.o(i.NMI_Handler)
    NVIC_Init                                0x08000abd   Thumb Code   100  misc.o(i.NVIC_Init)
    NVIC_PriorityGroupConfig                 0x08000b2d   Thumb Code    10  misc.o(i.NVIC_PriorityGroupConfig)
    OSInit                                   0x08000b41   Thumb Code    48  os_core.o(i.OSInit)
    OSInitHookBegin                          0x08000b71   Thumb Code     8  os_cpu_c.o(i.OSInitHookBegin)
    OSInitHookEnd                            0x08000b7d   Thumb Code     2  os_cpu_c.o(i.OSInitHookEnd)
    OSIntEnter                               0x08000b81   Thumb Code    28  os_core.o(i.OSIntEnter)
    OSIntExit                                0x08000ba5   Thumb Code   112  os_core.o(i.OSIntExit)
    OSSchedLock                              0x08000c35   Thumb Code    50  os_core.o(i.OSSchedLock)
    OSSchedUnlock                            0x08000c75   Thumb Code    82  os_core.o(i.OSSchedUnlock)
    OSSemCreate                              0x08000cd5   Thumb Code    68  os_sem.o(i.OSSemCreate)
    OSSemPend                                0x08000d21   Thumb Code   222  os_sem.o(i.OSSemPend)
    OSSemPost                                0x08000e0d   Thumb Code    88  os_sem.o(i.OSSemPost)
    OSStart                                  0x08000e65   Thumb Code    48  os_core.o(i.OSStart)
    OSTCBInitHook                            0x08000ead   Thumb Code     2  os_cpu_c.o(i.OSTCBInitHook)
    OSTaskCreate                             0x08000eb1   Thumb Code   148  os_task.o(i.OSTaskCreate)
    OSTaskCreateExt                          0x08000f51   Thumb Code   170  os_task.o(i.OSTaskCreateExt)
    OSTaskCreateHook                         0x08001009   Thumb Code     2  os_cpu_c.o(i.OSTaskCreateHook)
    OSTaskIdleHook                           0x0800100b   Thumb Code     2  os_cpu_c.o(i.OSTaskIdleHook)
    OSTaskNameSet                            0x0800100d   Thumb Code    98  os_task.o(i.OSTaskNameSet)
    OSTaskStatHook                           0x0800107d   Thumb Code     2  os_cpu_c.o(i.OSTaskStatHook)
    OSTaskStkChk                             0x08001081   Thumb Code   132  os_task.o(i.OSTaskStkChk)
    OSTaskStkInit                            0x0800110d   Thumb Code   154  os_cpu_c.o(i.OSTaskStkInit)
    OSTaskSuspend                            0x080011a9   Thumb Code   152  os_task.o(i.OSTaskSuspend)
    OSTaskSwHook                             0x08001251   Thumb Code     2  os_cpu_c.o(i.OSTaskSwHook)
    OSTimeDly                                0x08001255   Thumb Code   100  os_time.o(i.OSTimeDly)
    OSTimeDlyHMSM                            0x080012cd   Thumb Code    86  os_time.o(i.OSTimeDlyHMSM)
    OSTimeGet                                0x0800132d   Thumb Code    24  os_time.o(i.OSTimeGet)
    OSTimeTick                               0x08001349   Thumb Code   210  os_core.o(i.OSTimeTick)
    OSTimeTickHook                           0x08001435   Thumb Code    28  os_cpu_c.o(i.OSTimeTickHook)
    OSTmrCreate                              0x08001455   Thumb Code    96  os_tmr.o(i.OSTmrCreate)
    OSTmrSignal                              0x080014b9   Thumb Code    16  os_tmr.o(i.OSTmrSignal)
    OSTmrStart                               0x080014cd   Thumb Code   128  os_tmr.o(i.OSTmrStart)
    OSTmr_Init                               0x08001591   Thumb Code   148  os_tmr.o(i.OSTmr_Init)
    OS_EventTaskRdy                          0x080017c9   Thumb Code   114  os_core.o(i.OS_EventTaskRdy)
    OS_EventTaskRemove                       0x0800184d   Thumb Code    42  os_core.o(i.OS_EventTaskRemove)
    OS_EventTaskWait                         0x08001879   Thumb Code   112  os_core.o(i.OS_EventTaskWait)
    OS_EventWaitListInit                     0x080018f5   Thumb Code    28  os_core.o(i.OS_EventWaitListInit)
    OS_FlagInit                              0x08001911   Thumb Code    74  os_flag.o(i.OS_FlagInit)
    OS_MemClr                                0x08001b75   Thumb Code    18  os_core.o(i.OS_MemClr)
    OS_QInit                                 0x08001b89   Thumb Code    72  os_q.o(i.OS_QInit)
    OS_Sched                                 0x08001bd9   Thumb Code    88  os_core.o(i.OS_Sched)
    OS_TCBInit                               0x08001c79   Thumb Code   278  os_core.o(i.OS_TCBInit)
    OS_TaskIdle                              0x08001dad   Thumb Code    34  os_core.o(i.OS_TaskIdle)
    OS_TaskStat                              0x08001dd5   Thumb Code   116  os_core.o(i.OS_TaskStat)
    OS_TaskStatStkChk                        0x08001e5d   Thumb Code    54  os_core.o(i.OS_TaskStatStkChk)
    OS_TaskStkClr                            0x08001e99   Thumb Code    26  os_task.o(i.OS_TaskStkClr)
    PS2_AnologData                           0x08001eb5   Thumb Code     8  pstwo.o(i.PS2_AnologData)
    PS2_ClearData                            0x08001ec1   Thumb Code    20  pstwo.o(i.PS2_ClearData)
    PS2_Cmd                                  0x08001ed9   Thumb Code   130  pstwo.o(i.PS2_Cmd)
    PS2_DataKey                              0x08001f69   Thumb Code    44  pstwo.o(i.PS2_DataKey)
    PS2_EnterConfing                         0x08001fa1   Thumb Code    84  pstwo.o(i.PS2_EnterConfing)
    PS2_ExitConfing                          0x08001ffd   Thumb Code    84  pstwo.o(i.PS2_ExitConfing)
    PS2_Init                                 0x08002059   Thumb Code    70  pstwo.o(i.PS2_Init)
    PS2_ReadData                             0x080020a5   Thumb Code   164  pstwo.o(i.PS2_ReadData)
    PS2_SetInit                              0x08002159   Thumb Code    36  pstwo.o(i.PS2_SetInit)
    PS2_ShortPoll                            0x0800217d   Thumb Code    60  pstwo.o(i.PS2_ShortPoll)
    PS2_TurnOnAnalogMode                     0x080021c1   Thumb Code    78  pstwo.o(i.PS2_TurnOnAnalogMode)
    PS2_VibrationMode                        0x08002219   Thumb Code    60  pstwo.o(i.PS2_VibrationMode)
    RCC_APB1PeriphClockCmd                   0x0800225d   Thumb Code    26  stm32f10x_rcc.o(i.RCC_APB1PeriphClockCmd)
    RCC_APB1PeriphResetCmd                   0x0800227d   Thumb Code    26  stm32f10x_rcc.o(i.RCC_APB1PeriphResetCmd)
    RCC_APB2PeriphClockCmd                   0x0800229d   Thumb Code    26  stm32f10x_rcc.o(i.RCC_APB2PeriphClockCmd)
    RCC_APB2PeriphResetCmd                   0x080022bd   Thumb Code    26  stm32f10x_rcc.o(i.RCC_APB2PeriphResetCmd)
    RCC_GetClocksFreq                        0x080022dd   Thumb Code   192  stm32f10x_rcc.o(i.RCC_GetClocksFreq)
    SVC_Handler                              0x080023b1   Thumb Code     2  stm32f10x_it.o(i.SVC_Handler)
    Set_Pwm                                  0x0800249d   Thumb Code    96  smartcar_control.o(i.Set_Pwm)
    SmartCar_control                         0x08002505   Thumb Code   154  smartcar_control.o(i.SmartCar_control)
    SmartCar_control_init                    0x080025c5   Thumb Code    38  smartcar_control.o(i.SmartCar_control_init)
    SysTick_CLKSourceConfig                  0x080025f5   Thumb Code    40  misc.o(i.SysTick_CLKSourceConfig)
    SysTick_Handler                          0x0800261d   Thumb Code    24  delay.o(i.SysTick_Handler)
    SystemInit                               0x08002639   Thumb Code    78  system_stm32f10x.o(i.SystemInit)
    System_Device_Init                       0x08002699   Thumb Code    66  main.o(i.System_Device_Init)
    TIM4_IRQHandler                          0x080026dd   Thumb Code    28  encoder.o(i.TIM4_IRQHandler)
    TIM5_IRQHandler                          0x080026fd   Thumb Code    28  encoder.o(i.TIM5_IRQHandler)
    USART1_IRQHandler                        0x0800288d   Thumb Code    90  usart1.o(i.USART1_IRQHandler)
    USART3_IRQHandler                        0x08002a4d   Thumb Code    92  usart3.o(i.USART3_IRQHandler)
    USART_Cmd                                0x08002b09   Thumb Code    24  stm32f10x_usart.o(i.USART_Cmd)
    USART_DeInit                             0x08002b21   Thumb Code   134  stm32f10x_usart.o(i.USART_DeInit)
    USART_GetFlagStatus                      0x08002bbd   Thumb Code    26  stm32f10x_usart.o(i.USART_GetFlagStatus)
    USART_GetITStatus                        0x08002bd7   Thumb Code    84  stm32f10x_usart.o(i.USART_GetITStatus)
    USART_ITConfig                           0x08002c2b   Thumb Code    74  stm32f10x_usart.o(i.USART_ITConfig)
    USART_Init                               0x08002c75   Thumb Code   210  stm32f10x_usart.o(i.USART_Init)
    USART_ReceiveData                        0x08002d4d   Thumb Code    10  stm32f10x_usart.o(i.USART_ReceiveData)
    USART_SendData                           0x08002d57   Thumb Code     8  stm32f10x_usart.o(i.USART_SendData)
    UsageFault_Handler                       0x08002d5f   Thumb Code     4  stm32f10x_it.o(i.UsageFault_Handler)
    __scatterload_copy                       0x08002d63   Thumb Code    14  handlers.o(i.__scatterload_copy)
    __scatterload_null                       0x08002d71   Thumb Code     2  handlers.o(i.__scatterload_null)
    __scatterload_zeroinit                   0x08002d73   Thumb Code    14  handlers.o(i.__scatterload_zeroinit)
    delay_init                               0x08002dc9   Thumb Code    76  delay.o(i.delay_init)
    delay_ms                                 0x08002e25   Thumb Code    66  delay.o(i.delay_ms)
    delay_osschedlock                        0x08002e75   Thumb Code     8  delay.o(i.delay_osschedlock)
    delay_osschedunlock                      0x08002e7d   Thumb Code     8  delay.o(i.delay_osschedunlock)
    delay_ostimedly                          0x08002e85   Thumb Code    12  delay.o(i.delay_ostimedly)
    delay_us                                 0x08002e91   Thumb Code    86  delay.o(i.delay_us)
    laster_backward_control_set              0x08002eed   Thumb Code    30  usart1.o(i.laster_backward_control_set)
    laster_forward_control_set               0x08002f11   Thumb Code    30  usart3.o(i.laster_forward_control_set)
    main                                     0x08002f35   Thumb Code    30  main.o(i.main)
    main_task                                0x08002f5d   Thumb Code    50  main.o(i.main_task)
    myabs                                    0x08002f8f   Thumb Code    14  pid.o(i.myabs)
    smar_time_init                           0x08002f9d   Thumb Code    42  smar_time_task.o(i.smar_time_init)
    start_task                               0x08002fdd   Thumb Code    40  main.o(i.start_task)
    tmr_smar_callback                        0x0800300d   Thumb Code    86  smar_time_task.o(i.tmr_smar_callback)
    usart1_init                              0x08003075   Thumb Code   152  usart1.o(i.usart1_init)
    usart3_init                              0x08003115   Thumb Code   166  usart3.o(i.usart3_init)
    OSUnMapTbl                               0x080031c4   Data         256  os_core.o(.constdata)
    Region$$Table$$Base                      0x080032c4   Number         0  anon$$obj.o(Region$$Table)
    Region$$Table$$Limit                     0x080032e4   Number         0  anon$$obj.o(Region$$Table)
    SystemCoreClock                          0x20000000   Data           4  system_stm32f10x.o(.data)
    AHBPrescTable                            0x20000004   Data          16  system_stm32f10x.o(.data)
    USART3_RX_STA                            0x20000018   Data           2  usart3.o(.data)
    laster_forword                           0x2000001c   Data           4  usart3.o(.data)
    USART1_RX_STA                            0x20000024   Data           2  usart1.o(.data)
    laster_backword                          0x20000028   Data           4  usart1.o(.data)
    OSInterrputSum                           0x20000044   Data           4  os_cpu_c.o(.data)
    OSCtxSwCtr                               0x2000004c   Data           4  os_core.o(.data)
    OSEventFreeList                          0x20000050   Data           4  os_core.o(.data)
    OSFlagFreeList                           0x20000054   Data           4  os_core.o(.data)
    OSCPUUsage                               0x20000058   Data           1  os_core.o(.data)
    OSIdleCtrMax                             0x2000005c   Data           4  os_core.o(.data)
    OSIdleCtrRun                             0x20000060   Data           4  os_core.o(.data)
    OSStatRdy                                0x20000064   Data           1  os_core.o(.data)
    OSIntNesting                             0x20000065   Data           1  os_core.o(.data)
    OSLockNesting                            0x20000066   Data           1  os_core.o(.data)
    OSPrioCur                                0x20000067   Data           1  os_core.o(.data)
    OSPrioHighRdy                            0x20000068   Data           1  os_core.o(.data)
    OSRdyGrp                                 0x20000069   Data           1  os_core.o(.data)
    OSRdyTbl                                 0x2000006a   Data           8  os_core.o(.data)
    OSRunning                                0x20000072   Data           1  os_core.o(.data)
    OSTaskCtr                                0x20000073   Data           1  os_core.o(.data)
    OSIdleCtr                                0x20000074   Data           4  os_core.o(.data)
    OSTCBCur                                 0x20000078   Data           4  os_core.o(.data)
    OSTCBFreeList                            0x2000007c   Data           4  os_core.o(.data)
    OSTCBHighRdy                             0x20000080   Data           4  os_core.o(.data)
    OSTCBList                                0x20000084   Data           4  os_core.o(.data)
    OSTickStepState                          0x20000088   Data           1  os_core.o(.data)
    OSQFreeList                              0x2000008c   Data           4  os_core.o(.data)
    OSTime                                   0x20000090   Data           4  os_core.o(.data)
    OSTmrFree                                0x20000094   Data           2  os_core.o(.data)
    OSTmrUsed                                0x20000096   Data           2  os_core.o(.data)
    OSTmrTime                                0x20000098   Data           4  os_core.o(.data)
    OSTmrSem                                 0x2000009c   Data           4  os_core.o(.data)
    OSTmrSemSignal                           0x200000a0   Data           4  os_core.o(.data)
    OSTmrFreeList                            0x200000a4   Data           4  os_core.o(.data)
    motor_left                               0x200000a8   Data           4  smartcar_control.o(.data)
    motor_right                              0x200000ac   Data           4  smartcar_control.o(.data)
    Left_encoder                             0x200000b0   Data           4  smartcar_control.o(.data)
    Right_encoder                            0x200000b4   Data           4  smartcar_control.o(.data)
    Angle_Balance                            0x200000b8   Data           4  smartcar_control.o(.data)
    Gyro_Balance                             0x200000bc   Data           4  smartcar_control.o(.data)
    Gyro_Turn                                0x200000c0   Data           4  smartcar_control.o(.data)
    Acceleration_Z                           0x200000c4   Data           4  smartcar_control.o(.data)
    laster_biass                             0x200000c8   Data           4  smartcar_control.o(.data)
    last_laster_biass                        0x200000cc   Data           4  smartcar_control.o(.data)
    laster_pwm_buff                          0x200000d0   Data           4  smartcar_control.o(.data)
    Left_encoder_Target                      0x200000dc   Data           4  smar_time_task.o(.data)
    Right_encoder_Target                     0x200000e0   Data           4  smar_time_task.o(.data)
    tmr_smar                                 0x200000e4   Data           4  smar_time_task.o(.data)
    Handkey                                  0x200000ec   Data           2  pstwo.o(.data)
    Handkey_mode                             0x200000ee   Data           2  pstwo.o(.data)
    Comd                                     0x200000f0   Data           2  pstwo.o(.data)
    MASK                                     0x200000f2   Data          32  pstwo.o(.data)
    Auto_mode                                0x20000112   Data           1  pstwo.o(.data)
    Auto_flag                                0x20000113   Data           1  pstwo.o(.data)
    Up_Down_State                            0x20000114   Data           1  pstwo.o(.data)
    key                                      0x20000116   Data           2  pstwo.o(.data)
    flog                                     0x20000118   Data           2  pstwo.o(.data)
    flog2                                    0x2000011a   Data           2  pstwo.o(.data)
    START_TASK_STK                           0x2000011c   Data         256  main.o(.bss)
    MAIN_TASK_STK                            0x2000021c   Data         512  main.o(.bss)
    USART3_TX_BUF                            0x2000041c   Data          20  usart3.o(.bss)
    USART3_RX_BUF                            0x20000430   Data          26  usart3.o(.bss)
    USART1_TX_BUF                            0x2000044a   Data          25  usart1.o(.bss)
    USART1_RX_BUF                            0x20000463   Data          25  usart1.o(.bss)
    OSEventTbl                               0x2000047c   Data         200  os_core.o(.bss)
    OSFlagTbl                                0x20000544   Data          80  os_core.o(.bss)
    OSTaskStatStk                            0x20000594   Data         512  os_core.o(.bss)
    OSTaskIdleStk                            0x20000794   Data         512  os_core.o(.bss)
    OSTCBPrioTbl                             0x20000994   Data         256  os_core.o(.bss)
    OSTCBTbl                                 0x20000a94   Data        1008  os_core.o(.bss)
    OSQTbl                                   0x20000e84   Data         120  os_core.o(.bss)
    OSTmrTbl                                 0x20000efc   Data         640  os_core.o(.bss)
    OSTmrTaskStk                             0x2000117c   Data         512  os_core.o(.bss)
    OSTmrWheelTbl                            0x2000137c   Data          64  os_core.o(.bss)
    Data                                     0x200013bc   Data           9  pstwo.o(.bss)
    __initial_sp                             0x200017c8   Data           0  startup_stm32f10x_hd.o(STACK)



==============================================================================

Memory Map of the image

  Image Entry point : 0x08000131

  Load Region LR_IROM1 (Base: 0x08000000, Size: 0x00003400, Max: 0x00080000, ABSOLUTE)

    Execution Region ER_IROM1 (Base: 0x08000000, Size: 0x000032e4, Max: 0x00080000, ABSOLUTE)

    Base Addr    Size         Type   Attr      Idx    E Section Name        Object

    0x08000000   0x00000130   Data   RO         3557    RESET               startup_stm32f10x_hd.o
    0x08000130   0x00000000   Code   RO         5369  * .ARM.Collect$$$$00000000  mc_w.l(entry.o)
    0x08000130   0x00000004   Code   RO         5703    .ARM.Collect$$$$00000001  mc_w.l(entry2.o)
    0x08000134   0x00000004   Code   RO         5706    .ARM.Collect$$$$00000004  mc_w.l(entry5.o)
    0x08000138   0x00000000   Code   RO         5708    .ARM.Collect$$$$00000008  mc_w.l(entry7b.o)
    0x08000138   0x00000000   Code   RO         5710    .ARM.Collect$$$$0000000A  mc_w.l(entry8b.o)
    0x08000138   0x00000008   Code   RO         5711    .ARM.Collect$$$$0000000B  mc_w.l(entry9a.o)
    0x08000140   0x00000000   Code   RO         5713    .ARM.Collect$$$$0000000D  mc_w.l(entry10a.o)
    0x08000140   0x00000000   Code   RO         5715    .ARM.Collect$$$$0000000F  mc_w.l(entry11a.o)
    0x08000140   0x00000004   Code   RO         5704    .ARM.Collect$$$$00002712  mc_w.l(entry2.o)
    0x08000144   0x00000024   Code   RO         3558    .text               startup_stm32f10x_hd.o
    0x08000168   0x000000b4   Code   RO         3562    .text               os_cpu_a.o
    0x0800021c   0x000000b0   Code   RO         5640    .text               mf_w.l(fadd.o)
    0x080002cc   0x00000064   Code   RO         5642    .text               mf_w.l(fmul.o)
    0x08000330   0x00000012   Code   RO         5650    .text               mf_w.l(fflti.o)
    0x08000342   0x00000032   Code   RO         5654    .text               mf_w.l(ffixi.o)
    0x08000374   0x00000000   Code   RO         5731    .text               mc_w.l(iusefp.o)
    0x08000374   0x0000006e   Code   RO         5732    .text               mf_w.l(fepilogue.o)
    0x080003e2   0x00000002   PAD
    0x080003e4   0x00000024   Code   RO         5744    .text               mc_w.l(init.o)
    0x08000408   0x00000004   Code   RO          230    i.BusFault_Handler  stm32f10x_it.o
    0x0800040c   0x00000002   Code   RO          231    i.DebugMon_Handler  stm32f10x_it.o
    0x0800040e   0x00000116   Code   RO         1650    i.GPIO_Init         stm32f10x_gpio.o
    0x08000524   0x00000004   Code   RO         1657    i.GPIO_ResetBits    stm32f10x_gpio.o
    0x08000528   0x00000004   Code   RO         1658    i.GPIO_SetBits      stm32f10x_gpio.o
    0x0800052c   0x00000004   Code   RO          232    i.HardFault_Handler  stm32f10x_it.o
    0x08000530   0x00000340   Code   RO         5248    i.Joystick          pstwo.o
    0x08000870   0x00000032   Code   RO         4378    i.Limit_Pwm         smartcar_control.o
    0x080008a2   0x00000004   Code   RO          233    i.MemManage_Handler  stm32f10x_it.o
    0x080008a6   0x00000002   PAD
    0x080008a8   0x00000210   Code   RO         4365    i.Motor_PWM_Init    motor.o
    0x08000ab8   0x00000002   Code   RO          234    i.NMI_Handler       stm32f10x_it.o
    0x08000aba   0x00000002   PAD
    0x08000abc   0x00000070   Code   RO          499    i.NVIC_Init         misc.o
    0x08000b2c   0x00000014   Code   RO          500    i.NVIC_PriorityGroupConfig  misc.o
    0x08000b40   0x00000030   Code   RO         3647    i.OSInit            os_core.o
    0x08000b70   0x0000000c   Code   RO         3565    i.OSInitHookBegin   os_cpu_c.o
    0x08000b7c   0x00000002   Code   RO         3566    i.OSInitHookEnd     os_cpu_c.o
    0x08000b7e   0x00000002   PAD
    0x08000b80   0x00000024   Code   RO         3648    i.OSIntEnter        os_core.o
    0x08000ba4   0x00000090   Code   RO         3649    i.OSIntExit         os_core.o
    0x08000c34   0x00000040   Code   RO         3650    i.OSSchedLock       os_core.o
    0x08000c74   0x00000060   Code   RO         3651    i.OSSchedUnlock     os_core.o
    0x08000cd4   0x0000004c   Code   RO         4090    i.OSSemCreate       os_sem.o
    0x08000d20   0x000000ec   Code   RO         4092    i.OSSemPend         os_sem.o
    0x08000e0c   0x00000058   Code   RO         4094    i.OSSemPost         os_sem.o
    0x08000e64   0x00000048   Code   RO         3652    i.OSStart           os_core.o
    0x08000eac   0x00000002   Code   RO         3567    i.OSTCBInitHook     os_cpu_c.o
    0x08000eae   0x00000002   PAD
    0x08000eb0   0x000000a0   Code   RO         4144    i.OSTaskCreate      os_task.o
    0x08000f50   0x000000b8   Code   RO         4145    i.OSTaskCreateExt   os_task.o
    0x08001008   0x00000002   Code   RO         3568    i.OSTaskCreateHook  os_cpu_c.o
    0x0800100a   0x00000002   Code   RO         3570    i.OSTaskIdleHook    os_cpu_c.o
    0x0800100c   0x00000070   Code   RO         4149    i.OSTaskNameSet     os_task.o
    0x0800107c   0x00000002   Code   RO         3572    i.OSTaskStatHook    os_cpu_c.o
    0x0800107e   0x00000002   PAD
    0x08001080   0x0000008c   Code   RO         4154    i.OSTaskStkChk      os_task.o
    0x0800110c   0x0000009a   Code   RO         3573    i.OSTaskStkInit     os_cpu_c.o
    0x080011a6   0x00000002   PAD
    0x080011a8   0x000000a8   Code   RO         4155    i.OSTaskSuspend     os_task.o
    0x08001250   0x00000002   Code   RO         3574    i.OSTaskSwHook      os_cpu_c.o
    0x08001252   0x00000002   PAD
    0x08001254   0x00000078   Code   RO         4239    i.OSTimeDly         os_time.o
    0x080012cc   0x00000060   Code   RO         4240    i.OSTimeDlyHMSM     os_time.o
    0x0800132c   0x0000001c   Code   RO         4242    i.OSTimeGet         os_time.o
    0x08001348   0x000000ec   Code   RO         3654    i.OSTimeTick        os_core.o
    0x08001434   0x00000020   Code   RO         3575    i.OSTimeTickHook    os_cpu_c.o
    0x08001454   0x00000064   Code   RO         4275    i.OSTmrCreate       os_tmr.o
    0x080014b8   0x00000014   Code   RO         4279    i.OSTmrSignal       os_tmr.o
    0x080014cc   0x00000084   Code   RO         4280    i.OSTmrStart        os_tmr.o
    0x08001550   0x00000040   Code   RO         4283    i.OSTmr_Alloc       os_tmr.o
    0x08001590   0x000000b8   Code   RO         4285    i.OSTmr_Init        os_tmr.o
    0x08001648   0x00000050   Code   RO         4286    i.OSTmr_InitTask    os_tmr.o
    0x08001698   0x0000006c   Code   RO         4287    i.OSTmr_Link        os_tmr.o
    0x08001704   0x00000080   Code   RO         4288    i.OSTmr_Task        os_tmr.o
    0x08001784   0x00000044   Code   RO         4289    i.OSTmr_Unlink      os_tmr.o
    0x080017c8   0x00000084   Code   RO         3657    i.OS_EventTaskRdy   os_core.o
    0x0800184c   0x0000002a   Code   RO         3658    i.OS_EventTaskRemove  os_core.o
    0x08001876   0x00000002   PAD
    0x08001878   0x0000007c   Code   RO         3659    i.OS_EventTaskWait  os_core.o
    0x080018f4   0x0000001c   Code   RO         3660    i.OS_EventWaitListInit  os_core.o
    0x08001910   0x00000058   Code   RO         3838    i.OS_FlagInit       os_flag.o
    0x08001968   0x00000054   Code   RO         3661    i.OS_InitEventList  os_core.o
    0x080019bc   0x00000054   Code   RO         3662    i.OS_InitMisc       os_core.o
    0x08001a10   0x00000044   Code   RO         3663    i.OS_InitRdyList    os_core.o
    0x08001a54   0x00000080   Code   RO         3664    i.OS_InitTCBList    os_core.o
    0x08001ad4   0x00000050   Code   RO         3665    i.OS_InitTaskIdle   os_core.o
    0x08001b24   0x00000050   Code   RO         3666    i.OS_InitTaskStat   os_core.o
    0x08001b74   0x00000012   Code   RO         3667    i.OS_MemClr         os_core.o
    0x08001b86   0x00000002   PAD
    0x08001b88   0x00000050   Code   RO         4027    i.OS_QInit          os_q.o
    0x08001bd8   0x00000074   Code   RO         3669    i.OS_Sched          os_core.o
    0x08001c4c   0x0000002c   Code   RO         3670    i.OS_SchedNew       os_core.o
    0x08001c78   0x00000134   Code   RO         3672    i.OS_TCBInit        os_core.o
    0x08001dac   0x00000028   Code   RO         3673    i.OS_TaskIdle       os_core.o
    0x08001dd4   0x00000088   Code   RO         3674    i.OS_TaskStat       os_core.o
    0x08001e5c   0x0000003c   Code   RO         3675    i.OS_TaskStatStkChk  os_core.o
    0x08001e98   0x0000001a   Code   RO         4157    i.OS_TaskStkClr     os_task.o
    0x08001eb2   0x00000002   PAD
    0x08001eb4   0x0000000c   Code   RO         5249    i.PS2_AnologData    pstwo.o
    0x08001ec0   0x00000018   Code   RO         5250    i.PS2_ClearData     pstwo.o
    0x08001ed8   0x00000090   Code   RO         5251    i.PS2_Cmd           pstwo.o
    0x08001f68   0x00000038   Code   RO         5252    i.PS2_DataKey       pstwo.o
    0x08001fa0   0x0000005c   Code   RO         5253    i.PS2_EnterConfing  pstwo.o
    0x08001ffc   0x0000005c   Code   RO         5254    i.PS2_ExitConfing   pstwo.o
    0x08002058   0x0000004c   Code   RO         5255    i.PS2_Init          pstwo.o
    0x080020a4   0x000000b4   Code   RO         5256    i.PS2_ReadData      pstwo.o
    0x08002158   0x00000024   Code   RO         5258    i.PS2_SetInit       pstwo.o
    0x0800217c   0x00000044   Code   RO         5259    i.PS2_ShortPoll     pstwo.o
    0x080021c0   0x00000058   Code   RO         5260    i.PS2_TurnOnAnalogMode  pstwo.o
    0x08002218   0x00000044   Code   RO         5262    i.PS2_VibrationMode  pstwo.o
    0x0800225c   0x00000020   Code   RO         2066    i.RCC_APB1PeriphClockCmd  stm32f10x_rcc.o
    0x0800227c   0x00000020   Code   RO         2067    i.RCC_APB1PeriphResetCmd  stm32f10x_rcc.o
    0x0800229c   0x00000020   Code   RO         2068    i.RCC_APB2PeriphClockCmd  stm32f10x_rcc.o
    0x080022bc   0x00000020   Code   RO         2069    i.RCC_APB2PeriphResetCmd  stm32f10x_rcc.o
    0x080022dc   0x000000d4   Code   RO         2076    i.RCC_GetClocksFreq  stm32f10x_rcc.o
    0x080023b0   0x00000002   Code   RO          235    i.SVC_Handler       stm32f10x_it.o
    0x080023b2   0x00000008   Code   RO          281    i.SetSysClock       system_stm32f10x.o
    0x080023ba   0x00000002   PAD
    0x080023bc   0x000000e0   Code   RO          282    i.SetSysClockTo72   system_stm32f10x.o
    0x0800249c   0x00000068   Code   RO         4379    i.Set_Pwm           smartcar_control.o
    0x08002504   0x000000c0   Code   RO         4380    i.SmartCar_control  smartcar_control.o
    0x080025c4   0x00000030   Code   RO         4381    i.SmartCar_control_init  smartcar_control.o
    0x080025f4   0x00000028   Code   RO          503    i.SysTick_CLKSourceConfig  misc.o
    0x0800261c   0x0000001c   Code   RO         3495    i.SysTick_Handler   delay.o
    0x08002638   0x00000060   Code   RO          284    i.SystemInit        system_stm32f10x.o
    0x08002698   0x00000042   Code   RO            1    i.System_Device_Init  main.o
    0x080026da   0x00000002   PAD
    0x080026dc   0x00000020   Code   RO         4452    i.TIM4_IRQHandler   encoder.o
    0x080026fc   0x00000020   Code   RO         4453    i.TIM5_IRQHandler   encoder.o
    0x0800271c   0x00000034   Code   RO          428    i.UASRT1_Send_Buf   usart1.o
    0x08002750   0x00000034   Code   RO          315    i.UASRT3_Send_Buf   usart3.o
    0x08002784   0x000000dc   Code   RO          429    i.USART1_End        usart1.o
    0x08002860   0x0000002c   Code   RO          430    i.USART1_Free       usart1.o
    0x0800288c   0x00000064   Code   RO          431    i.USART1_IRQHandler  usart1.o
    0x080028f0   0x00000030   Code   RO          432    i.USART1_Res_data   usart1.o
    0x08002920   0x00000028   Code   RO          433    i.USART1_Start      usart1.o
    0x08002948   0x000000d8   Code   RO          316    i.USART3_End        usart3.o
    0x08002a20   0x0000002c   Code   RO          317    i.USART3_Free       usart3.o
    0x08002a4c   0x00000064   Code   RO          318    i.USART3_IRQHandler  usart3.o
    0x08002ab0   0x00000030   Code   RO          319    i.USART3_Res_data   usart3.o
    0x08002ae0   0x00000028   Code   RO          320    i.USART3_Start      usart3.o
    0x08002b08   0x00000018   Code   RO         3236    i.USART_Cmd         stm32f10x_usart.o
    0x08002b20   0x0000009c   Code   RO         3238    i.USART_DeInit      stm32f10x_usart.o
    0x08002bbc   0x0000001a   Code   RO         3239    i.USART_GetFlagStatus  stm32f10x_usart.o
    0x08002bd6   0x00000054   Code   RO         3240    i.USART_GetITStatus  stm32f10x_usart.o
    0x08002c2a   0x0000004a   Code   RO         3242    i.USART_ITConfig    stm32f10x_usart.o
    0x08002c74   0x000000d8   Code   RO         3243    i.USART_Init        stm32f10x_usart.o
    0x08002d4c   0x0000000a   Code   RO         3250    i.USART_ReceiveData  stm32f10x_usart.o
    0x08002d56   0x00000008   Code   RO         3253    i.USART_SendData    stm32f10x_usart.o
    0x08002d5e   0x00000004   Code   RO          236    i.UsageFault_Handler  stm32f10x_it.o
    0x08002d62   0x0000000e   Code   RO         5760    i.__scatterload_copy  mc_w.l(handlers.o)
    0x08002d70   0x00000002   Code   RO         5761    i.__scatterload_null  mc_w.l(handlers.o)
    0x08002d72   0x0000000e   Code   RO         5762    i.__scatterload_zeroinit  mc_w.l(handlers.o)
    0x08002d80   0x00000024   Code   RO          434    i.clean_rebuff_USART1  usart1.o
    0x08002da4   0x00000024   Code   RO          321    i.clean_rebuff_usart3  usart3.o
    0x08002dc8   0x0000005c   Code   RO         3496    i.delay_init        delay.o
    0x08002e24   0x00000050   Code   RO         3497    i.delay_ms          delay.o
    0x08002e74   0x00000008   Code   RO         3498    i.delay_osschedlock  delay.o
    0x08002e7c   0x00000008   Code   RO         3499    i.delay_osschedunlock  delay.o
    0x08002e84   0x0000000c   Code   RO         3500    i.delay_ostimedly   delay.o
    0x08002e90   0x0000005c   Code   RO         3501    i.delay_us          delay.o
    0x08002eec   0x00000024   Code   RO          435    i.laster_backward_control_set  usart1.o
    0x08002f10   0x00000024   Code   RO          322    i.laster_forward_control_set  usart3.o
    0x08002f34   0x00000028   Code   RO            2    i.main              main.o
    0x08002f5c   0x00000032   Code   RO            3    i.main_task         main.o
    0x08002f8e   0x0000000e   Code   RO         4419    i.myabs             pid.o
    0x08002f9c   0x00000040   Code   RO         4485    i.smar_time_init    smar_time_task.o
    0x08002fdc   0x00000030   Code   RO            4    i.start_task        main.o
    0x0800300c   0x00000068   Code   RO         4486    i.tmr_smar_callback  smar_time_task.o
    0x08003074   0x000000a0   Code   RO          437    i.usart1_init       usart1.o
    0x08003114   0x000000b0   Code   RO          324    i.usart3_init       usart3.o
    0x080031c4   0x00000100   Data   RO         3677    .constdata          os_core.o
    0x080032c4   0x00000020   Data   RO         5758    Region$$Table       anon$$obj.o


    Execution Region RW_IRAM1 (Base: 0x20000000, Size: 0x000017c8, Max: 0x00010000, ABSOLUTE)

    Base Addr    Size         Type   Attr      Idx    E Section Name        Object

    0x20000000   0x00000014   Data   RW          285    .data               system_stm32f10x.o
    0x20000014   0x0000000c   Data   RW          326    .data               usart3.o
    0x20000020   0x0000000c   Data   RW          439    .data               usart1.o
    0x2000002c   0x00000014   Data   RW         2096    .data               stm32f10x_rcc.o
    0x20000040   0x00000004   Data   RW         3502    .data               delay.o
    0x20000044   0x00000006   Data   RW         3576    .data               os_cpu_c.o
    0x2000004a   0x00000002   PAD
    0x2000004c   0x0000005c   Data   RW         3678    .data               os_core.o
    0x200000a8   0x00000034   Data   RW         4382    .data               smartcar_control.o
    0x200000dc   0x00000010   Data   RW         4487    .data               smar_time_task.o
    0x200000ec   0x00000030   Data   RW         5264    .data               pstwo.o
    0x2000011c   0x00000300   Zero   RW            5    .bss                main.o
    0x2000041c   0x0000002e   Zero   RW          325    .bss                usart3.o
    0x2000044a   0x00000032   Zero   RW          438    .bss                usart1.o
    0x2000047c   0x00000f40   Zero   RW         3676    .bss                os_core.o
    0x200013bc   0x00000009   Zero   RW         5263    .bss                pstwo.o
    0x200013c5   0x00000003   PAD
    0x200013c8   0x00000400   Zero   RW         3555    STACK               startup_stm32f10x_hd.o


==============================================================================

Image component sizes


      Code (inc. data)   RO Data    RW Data    ZI Data      Debug   Object Name

       320         40          0          4          0       3521   delay.o
        64          8          0          0          0        900   encoder.o
       204         18          0          0        768      39246   main.o
       172         22          0          0          0       1929   misc.o
       528         26          0          0          0        761   motor.o
      2268        412        256         92       3904      21376   os_core.o
       180         36          0          0          0        296   os_cpu_a.o
       210          8          0          6          0      13360   os_cpu_c.o
        88         14          0          0          0        558   os_flag.o
        80          8          0          0          0        527   os_q.o
       400         22          0          0          0       2242   os_sem.o
       790         64          0          0          0       5032   os_task.o
       244         34          0          0          0       1768   os_time.o
       884        120          0          0          0       5546   os_tmr.o
        14          0          0          0          0        468   pid.o
      1768        148          0         48          9       7807   pstwo.o
       168         40          0         16          0       1453   smar_time_task.o
       394         56          0         52          0       2856   smartcar_control.o
        36          8        304          0       1024        756   startup_stm32f10x_hd.o
       286          0          0          0          0       2896   stm32f10x_gpio.o
        22          0          0          0          0       2671   stm32f10x_it.o
       340         44          0         20          0       5344   stm32f10x_rcc.o
       598         28          0          0          0       6420   stm32f10x_usart.o
         0          0          0          0          0         32   sys.o
       328         28          0         20          0       1925   system_stm32f10x.o
       736         78          0         12         50       5312   usart1.o
       748         76          0         12         46     210062   usart3.o

    ----------------------------------------------------------------------
     11894       1338        592        284       5804     345064   Object Totals
         0          0         32          0          0          0   (incl. Generated)
        24          0          0          2          3          0   (incl. Padding)

    ----------------------------------------------------------------------

      Code (inc. data)   RO Data    RW Data    ZI Data      Debug   Library Member Name

         0          0          0          0          0          0   entry.o
         0          0          0          0          0          0   entry10a.o
         0          0          0          0          0          0   entry11a.o
         8          4          0          0          0          0   entry2.o
         4          0          0          0          0          0   entry5.o
         0          0          0          0          0          0   entry7b.o
         0          0          0          0          0          0   entry8b.o
         8          4          0          0          0          0   entry9a.o
        30          0          0          0          0          0   handlers.o
        36          8          0          0          0         68   init.o
         0          0          0          0          0          0   iusefp.o
       176          0          0          0          0        140   fadd.o
       110          0          0          0          0        168   fepilogue.o
        50          0          0          0          0         68   ffixi.o
        18          0          0          0          0         68   fflti.o
       100          0          0          0          0         76   fmul.o

    ----------------------------------------------------------------------
       542         16          0          0          0        588   Library Totals
         2          0          0          0          0          0   (incl. Padding)

    ----------------------------------------------------------------------

      Code (inc. data)   RO Data    RW Data    ZI Data      Debug   Library Name

        86         16          0          0          0         68   mc_w.l
       454          0          0          0          0        520   mf_w.l

    ----------------------------------------------------------------------
       542         16          0          0          0        588   Library Totals

    ----------------------------------------------------------------------

==============================================================================


      Code (inc. data)   RO Data    RW Data    ZI Data      Debug   

     12436       1354        592        284       5804     338784   Grand Totals
     12436       1354        592        284       5804     338784   ELF Image Totals
     12436       1354        592        284          0          0   ROM Totals

==============================================================================

    Total RO  Size (Code + RO Data)                13028 (  12.72kB)
    Total RW  Size (RW Data + ZI Data)              6088 (   5.95kB)
    Total ROM Size (Code + RO Data + RW Data)      13312 (  13.00kB)

==============================================================================

