<html>
<body>
<pre>
<h1>礦ision Build Log</h1>
<h2>Tool Versions:</h2>
IDE-Version: μVision V5.14.0.0
Copyright (C) 2015 ARM Ltd and ARM Germany GmbH. All rights reserved.
License Information: JHSA Microsoft, Microsoft, LIC=7YKHL-0DXQK-JL0CC-7Q6UT-P11V7-8QPRK
 
Tool Versions:
Toolchain:       MDK-ARM Professional  Version: 5.14.0.0
Toolchain Path:  D:\MDK\ARM\ARMCC\Bin
C Compiler:      Armcc.exe V5.05 update 1 (build 106)
Assembler:       Armasm.exe V5.05 update 1 (build 106)
Linker/Locator:  ArmLink.exe V5.05 update 1 (build 106)
Library Manager: ArmAr.exe V5.05 update 1 (build 106)
Hex Converter:   FromElf.exe V5.05 update 1 (build 106)
CPU DLL:         SARMCM3.DLL V5.14.0.0
Dialog DLL:      DCM.DLL V1.13.1.0
Target DLL:      Segger\JL2CM3.dll V2.99.13.0
Dialog DLL:      TCM.DLL V1.14.4.0
 
<h2>Project:</h2>
E:\实习项目\漏缝板车\USER\SmarCar.uvprojx
Project File Date:  07/02/2019

<h2>Output:</h2>
Rebuild target 'SmarCar'
compiling main.c...
compiling stm32f10x_it.c...
compiling system_stm32f10x.c...
compiling usart3.c...
compiling usart1.c...
compiling misc.c...
compiling stm32f10x_adc.c...
compiling stm32f10x_bkp.c...
compiling stm32f10x_can.c...
compiling stm32f10x_cec.c...
compiling stm32f10x_crc.c...
compiling stm32f10x_dac.c...
compiling stm32f10x_dbgmcu.c...
compiling stm32f10x_dma.c...
compiling stm32f10x_exti.c...
compiling stm32f10x_flash.c...
compiling stm32f10x_fsmc.c...
compiling stm32f10x_gpio.c...
compiling stm32f10x_i2c.c...
compiling stm32f10x_iwdg.c...
compiling stm32f10x_pwr.c...
compiling stm32f10x_rcc.c...
compiling stm32f10x_rtc.c...
compiling stm32f10x_sdio.c...
compiling stm32f10x_spi.c...
compiling stm32f10x_tim.c...
compiling stm32f10x_usart.c...
compiling stm32f10x_wwdg.c...
compiling sys.c...
compiling delay.c...
compiling core_cm3.c...
assembling startup_stm32f10x_hd.s...
assembling os_cpu_a.asm...
compiling os_cpu_c.c...
compiling os_core.c...
compiling os_flag.c...
compiling os_mbox.c...
compiling os_mem.c...
compiling os_mutex.c...
compiling os_q.c...
compiling os_sem.c...
compiling os_task.c...
compiling os_time.c...
compiling os_tmr.c...
compiling motor.c...
compiling smartcar_control.c...
compiling pid.c...
compiling encoder.c...
compiling Smar_time_task.c...
compiling filter.c...
compiling inv_mpu.c...
compiling inv_mpu_dmp_motion_driver.c...
compiling MPU6050.c...
compiling MPU6050_IIC.c...
compiling protocol.c...
compiling pstwo.c...
..\HARDWARE\BALANCE\pstwo.c(289): warning:  #177-D: variable "i" was declared but never referenced
  unsigned short i,j;
..\HARDWARE\BALANCE\pstwo.c(289): warning:  #177-D: variable "j" was declared but never referenced
  unsigned short i,j;
..\HARDWARE\BALANCE\pstwo.c: 2 warnings, 0 errors
linking...
Program Size: Code=12436 RO-data=592 RW-data=284 ZI-data=5804  
"..\OBJ\SmarCar.axf" - 0 Error(s), 2 Warning(s).

<h2>Collection of Component include folders:</h2>
  E:\实习项目\漏缝板车\USER\RTE
  D:\MDK\ARM\PACK\Keil\STM32F1xx_DFP\1.0.5\Device\Include

<h2>Collection of Component Files used:</h2>
</pre>
</body>
</html>
